Archive member included to satisfy reference by file (symbol)

/Applications/Simplicity Studio.app/Contents/Eclipse/developer/toolchains/gnu_arm/12.2.rel1_2023.7/bin/../lib/gcc/arm-none-eabi/12.2.1/thumb/v8-m.main+fp/hard/libgcc.a(_aeabi_ldivmod.o)
                              ./simplicity_sdk_2025.6.1/platform/emlib/src/em_eusart.o (__aeabi_ldivmod)
/Applications/Simplicity Studio.app/Contents/Eclipse/developer/toolchains/gnu_arm/12.2.rel1_2023.7/bin/../lib/gcc/arm-none-eabi/12.2.1/thumb/v8-m.main+fp/hard/libgcc.a(_aeabi_uldivmod.o)
                              ./simplicity_sdk_2025.6.1/platform/emlib/src/em_eusart.o (__aeabi_uldivmod)
/Applications/Simplicity Studio.app/Contents/Eclipse/developer/toolchains/gnu_arm/12.2.rel1_2023.7/bin/../lib/gcc/arm-none-eabi/12.2.1/thumb/v8-m.main+fp/hard/libgcc.a(_udivmoddi4.o)
                              /Applications/Simplicity Studio.app/Contents/Eclipse/developer/toolchains/gnu_arm/12.2.rel1_2023.7/bin/../lib/gcc/arm-none-eabi/12.2.1/thumb/v8-m.main+fp/hard/libgcc.a(_aeabi_ldivmod.o) (__udivmoddi4)
/Applications/Simplicity Studio.app/Contents/Eclipse/developer/toolchains/gnu_arm/12.2.rel1_2023.7/bin/../lib/gcc/arm-none-eabi/12.2.1/thumb/v8-m.main+fp/hard/libgcc.a(_dvmd_tls.o)
                              /Applications/Simplicity Studio.app/Contents/Eclipse/developer/toolchains/gnu_arm/12.2.rel1_2023.7/bin/../lib/gcc/arm-none-eabi/12.2.1/thumb/v8-m.main+fp/hard/libgcc.a(_aeabi_ldivmod.o) (__aeabi_ldiv0)
/Applications/Simplicity Studio.app/Contents/Eclipse/developer/toolchains/gnu_arm/12.2.rel1_2023.7/bin/../lib/gcc/arm-none-eabi/12.2.1/../../../../arm-none-eabi/lib/thumb/v8-m.main+fp/hard/libc_nano.a(libc_a-exit.o)
                              /Applications/Simplicity Studio.app/Contents/Eclipse/developer/toolchains/gnu_arm/12.2.rel1_2023.7/bin/../lib/gcc/arm-none-eabi/12.2.1/../../../../arm-none-eabi/lib/thumb/v8-m.main+fp/hard/crt0.o (exit)
/Applications/Simplicity Studio.app/Contents/Eclipse/developer/toolchains/gnu_arm/12.2.rel1_2023.7/bin/../lib/gcc/arm-none-eabi/12.2.1/../../../../arm-none-eabi/lib/thumb/v8-m.main+fp/hard/libc_nano.a(libc_a-setvbuf.o)
                              ./app_iostream_eusart.o (setvbuf)
/Applications/Simplicity Studio.app/Contents/Eclipse/developer/toolchains/gnu_arm/12.2.rel1_2023.7/bin/../lib/gcc/arm-none-eabi/12.2.1/../../../../arm-none-eabi/lib/thumb/v8-m.main+fp/hard/libc_nano.a(libc_a-findfp.o)
                              /Applications/Simplicity Studio.app/Contents/Eclipse/developer/toolchains/gnu_arm/12.2.rel1_2023.7/bin/../lib/gcc/arm-none-eabi/12.2.1/../../../../arm-none-eabi/lib/thumb/v8-m.main+fp/hard/libc_nano.a(libc_a-exit.o) (__stdio_exit_handler)
/Applications/Simplicity Studio.app/Contents/Eclipse/developer/toolchains/gnu_arm/12.2.rel1_2023.7/bin/../lib/gcc/arm-none-eabi/12.2.1/../../../../arm-none-eabi/lib/thumb/v8-m.main+fp/hard/libc_nano.a(libc_a-vprintf.o)
                              ./simplicity_sdk_2025.6.1/platform/service/iostream/src/sl_iostream.o (vprintf)
/Applications/Simplicity Studio.app/Contents/Eclipse/developer/toolchains/gnu_arm/12.2.rel1_2023.7/bin/../lib/gcc/arm-none-eabi/12.2.1/../../../../arm-none-eabi/lib/thumb/v8-m.main+fp/hard/libc_nano.a(libc_a-fwalk.o)
                              /Applications/Simplicity Studio.app/Contents/Eclipse/developer/toolchains/gnu_arm/12.2.rel1_2023.7/bin/../lib/gcc/arm-none-eabi/12.2.1/../../../../arm-none-eabi/lib/thumb/v8-m.main+fp/hard/libc_nano.a(libc_a-findfp.o) (_fwalk_sglue)
/Applications/Simplicity Studio.app/Contents/Eclipse/developer/toolchains/gnu_arm/12.2.rel1_2023.7/bin/../lib/gcc/arm-none-eabi/12.2.1/../../../../arm-none-eabi/lib/thumb/v8-m.main+fp/hard/libc_nano.a(libc_a-getchar.o)
                              ./app_iostream_eusart.o (getchar)
/Applications/Simplicity Studio.app/Contents/Eclipse/developer/toolchains/gnu_arm/12.2.rel1_2023.7/bin/../lib/gcc/arm-none-eabi/12.2.1/../../../../arm-none-eabi/lib/thumb/v8-m.main+fp/hard/libc_nano.a(libc_a-makebuf.o)
                              /Applications/Simplicity Studio.app/Contents/Eclipse/developer/toolchains/gnu_arm/12.2.rel1_2023.7/bin/../lib/gcc/arm-none-eabi/12.2.1/../../../../arm-none-eabi/lib/thumb/v8-m.main+fp/hard/libc_nano.a(libc_a-setvbuf.o) (__swhatbuf_r)
/Applications/Simplicity Studio.app/Contents/Eclipse/developer/toolchains/gnu_arm/12.2.rel1_2023.7/bin/../lib/gcc/arm-none-eabi/12.2.1/../../../../arm-none-eabi/lib/thumb/v8-m.main+fp/hard/libc_nano.a(libc_a-printf.o)
                              ./app.o (printf)
/Applications/Simplicity Studio.app/Contents/Eclipse/developer/toolchains/gnu_arm/12.2.rel1_2023.7/bin/../lib/gcc/arm-none-eabi/12.2.1/../../../../arm-none-eabi/lib/thumb/v8-m.main+fp/hard/libc_nano.a(libc_a-putchar.o)
                              ./app_iostream_eusart.o (putchar)
[...]
Memory Configuration

Name             Origin             Length             Attributes
FLASH            0x0000000008000000 0x000000000017e000 xr
RAM              0x0000000020000000 0x0000000000040000 xrw
*default*        0x0000000000000000 0xffffffffffffffff

Linker script and memory map

LOAD /Applications/Simplicity Studio.app/Contents/Eclipse/developer/toolchains/gnu_arm/12.2.rel1_2023.7/bin/../lib/gcc/arm-none-eabi/12.2.1/thumb/v8-m.main+fp/hard/crti.o
LOAD /Applications/Simplicity Studio.app/Contents/Eclipse/developer/toolchains/gnu_arm/12.2.rel1_2023.7/bin/../lib/gcc/arm-none-eabi/12.2.1/thumb/v8-m.main+fp/hard/crtbegin.o
LOAD /Applications/Simplicity Studio.app/Contents/Eclipse/developer/toolchains/gnu_arm/12.2.rel1_2023.7/bin/../lib/gcc/arm-none-eabi/12.2.1/../../../../arm-none-eabi/lib/thumb/v8-m.main+fp/hard/crt0.o
START GROUP
LOAD ./app.o
LOAD ./app_iostream_eusart.o
LOAD ./main.o
LOAD ./max30003.o
LOAD ./autogen/sl_board_default_init.o
LOAD ./autogen/sl_event_handler.o
LOAD ./autogen/sl_iostream_handles.o
LOAD ./autogen/sl_iostream_init_eusart_instances.o
LOAD ./simplicity_sdk_2025.6.1/hardware/board/src/sl_board_control_gpio.o
LOAD ./simplicity_sdk_2025.6.1/hardware/board/src/sl_board_init.o
LOAD ./simplicity_sdk_2025.6.1/hardware/driver/configuration_over_swo/src/sl_cos.o
LOAD ./simplicity_sdk_2025.6.1/hardware/driver/mx25_flash_shutdown/src/sl_mx25_flash_shutdown_eusart/sl_mx25_flash_shutdown.o
LOAD ./simplicity_sdk_2025.6.1/platform/Device/SiliconLabs/EFR32MG24/Source/startup_efr32mg24.o
LOAD ./simplicity_sdk_2025.6.1/platform/Device/SiliconLabs/EFR32MG24/Source/system_efr32mg24.o
LOAD ./simplicity_sdk_2025.6.1/platform/common/src/sl_assert.o
LOAD ./simplicity_sdk_2025.6.1/platform/common/src/sl_core_cortexm.o
LOAD ./simplicity_sdk_2025.6.1/platform/common/src/sl_slist.o
LOAD ./simplicity_sdk_2025.6.1/platform/common/src/sl_string.o
LOAD ./simplicity_sdk_2025.6.1/platform/common/src/sl_syscalls.o
LOAD ./simplicity_sdk_2025.6.1/platform/driver/debug/src/sl_debug_swo.o
LOAD ./simplicity_sdk_2025.6.1/platform/driver/gpio/src/sl_gpio.o
LOAD ./simplicity_sdk_2025.6.1/platform/emdrv/dmadrv/src/dmadrv.o
LOAD ./simplicity_sdk_2025.6.1/platform/emlib/src/em_burtc.o
LOAD ./simplicity_sdk_2025.6.1/platform/emlib/src/em_cmu.o
LOAD ./simplicity_sdk_2025.6.1/platform/emlib/src/em_emu.o
LOAD ./simplicity_sdk_2025.6.1/platform/emlib/src/em_eusart.o
LOAD ./simplicity_sdk_2025.6.1/platform/emlib/src/em_gpio.o
LOAD ./simplicity_sdk_2025.6.1/platform/emlib/src/em_ldma.o
LOAD ./simplicity_sdk_2025.6.1/platform/emlib/src/em_msc.o
LOAD ./simplicity_sdk_2025.6.1/platform/emlib/src/em_prs.o
LOAD ./simplicity_sdk_2025.6.1/platform/emlib/src/em_system.o
LOAD ./simplicity_sdk_2025.6.1/platform/emlib/src/em_timer.o
LOAD ./simplicity_sdk_2025.6.1/platform/peripheral/src/sl_hal_eusart.o
LOAD ./simplicity_sdk_2025.6.1/platform/peripheral/src/sl_hal_gpio.o
LOAD ./simplicity_sdk_2025.6.1/platform/peripheral/src/sl_hal_prs.o
LOAD ./simplicity_sdk_2025.6.1/platform/peripheral/src/sl_hal_sysrtc.o
LOAD ./simplicity_sdk_2025.6.1/platform/service/clock_manager/src/sl_clock_manager.o
LOAD ./simplicity_sdk_2025.6.1/platform/service/clock_manager/src/sl_clock_manager_hal_s2.o
LOAD ./simplicity_sdk_2025.6.1/platform/service/clock_manager/src/sl_clock_manager_init.o
LOAD ./simplicity_sdk_2025.6.1/platform/service/clock_manager/src/sl_clock_manager_init_hal_s2.o
LOAD ./simplicity_sdk_2025.6.1/platform/service/device_init/src/sl_device_init_dcdc_s2.o
LOAD ./simplicity_sdk_2025.6.1/platform/service/device_init/src/sl_device_init_emu_s2.o
LOAD ./simplicity_sdk_2025.6.1/platform/service/device_manager/clocks/sl_device_clock_efr32xg24.o
LOAD ./simplicity_sdk_2025.6.1/platform/service/device_manager/devices/sl_device_peripheral_hal_efr32xg24.o
LOAD ./simplicity_sdk_2025.6.1/platform/service/device_manager/src/sl_device_clock.o
LOAD ./simplicity_sdk_2025.6.1/platform/service/device_manager/src/sl_device_gpio.o
LOAD ./simplicity_sdk_2025.6.1/platform/service/device_manager/src/sl_device_peripheral.o
LOAD ./simplicity_sdk_2025.6.1/platform/service/interrupt_manager/src/sl_interrupt_manager_cortexm.o
LOAD ./simplicity_sdk_2025.6.1/platform/service/iostream/src/sl_iostream.o
LOAD ./simplicity_sdk_2025.6.1/platform/service/iostream/src/sl_iostream_eusart.o
LOAD ./simplicity_sdk_2025.6.1/platform/service/iostream/src/sl_iostream_retarget_stdio.o
LOAD ./simplicity_sdk_2025.6.1/platform/service/iostream/src/sl_iostream_uart.o
LOAD ./simplicity_sdk_2025.6.1/platform/service/memory_manager/src/sl_memory_manager_region.o
LOAD ./simplicity_sdk_2025.6.1/platform/service/sl_main/src/sl_main_init.o
LOAD ./simplicity_sdk_2025.6.1/platform/service/sl_main/src/sl_main_init_memory.o
LOAD ./simplicity_sdk_2025.6.1/platform/service/sl_main/src/sl_main_process_action.o
LOAD ./simplicity_sdk_2025.6.1/platform/service/sleeptimer/src/sl_sleeptimer.o
LOAD ./simplicity_sdk_2025.6.1/platform/service/sleeptimer/src/sl_sleeptimer_hal_burtc.o
LOAD ./simplicity_sdk_2025.6.1/platform/service/sleeptimer/src/sl_sleeptimer_hal_sysrtc.o
LOAD ./simplicity_sdk_2025.6.1/platform/service/sleeptimer/src/sl_sleeptimer_hal_timer.o
LOAD ./simplicity_sdk_2025.6.1/platform/service/udelay/src/sl_udelay.o
LOAD ./simplicity_sdk_2025.6.1/platform/service/udelay/src/sl_udelay_armv6m_gcc.o
LOAD /Applications/Simplicity Studio.app/Contents/Eclipse/developer/toolchains/gnu_arm/12.2.rel1_2023.7/bin/../lib/gcc/arm-none-eabi/12.2.1/thumb/v8-m.main+fp/hard/libgcc.a
LOAD /Applications/Simplicity Studio.app/Contents/Eclipse/developer/toolchains/gnu_arm/12.2.rel1_2023.7/bin/../lib/gcc/arm-none-eabi/12.2.1/../../../../arm-none-eabi/lib/thumb/v8-m.main+fp/hard/libc_nano.a
LOAD /Applications/Simplicity Studio.app/Contents/Eclipse/developer/toolchains/gnu_arm/12.2.rel1_2023.7/bin/../lib/gcc/arm-none-eabi/12.2.1/../../../../arm-none-eabi/lib/thumb/v8-m.main+fp/hard/libm.a
LOAD /Applications/Simplicity Studio.app/Contents/Eclipse/developer/toolchains/gnu_arm/12.2.rel1_2023.7/bin/../lib/gcc/arm-none-eabi/12.2.1/../../../../arm-none-eabi/lib/thumb/v8-m.main+fp/hard/libnosys.a
END GROUP
START GROUP
LOAD /Applications/Simplicity Studio.app/Contents/Eclipse/developer/toolchains/gnu_arm/12.2.rel1_2023.7/bin/../lib/gcc/arm-none-eabi/12.2.1/thumb/v8-m.main+fp/hard/libgcc.a
LOAD /Applications/Simplicity Studio.app/Contents/Eclipse/developer/toolchains/gnu_arm/12.2.rel1_2023.7/bin/../lib/gcc/arm-none-eabi/12.2.1/../../../../arm-none-eabi/lib/thumb/v8-m.main+fp/hard/libc_nano.a
LOAD /Applications/Simplicity Studio.app/Contents/Eclipse/developer/toolchains/gnu_arm/12.2.rel1_2023.7/bin/../lib/gcc/arm-none-eabi/12.2.1/../../../../arm-none-eabi/lib/thumb/v8-m.main+fp/hard/libnosys.a
END GROUP
START GROUP
LOAD /Applications/Simplicity Studio.app/Contents/Eclipse/developer/toolchains/gnu_arm/12.2.rel1_2023.7/bin/../lib/gcc/arm-none-eabi/12.2.1/thumb/v8-m.main+fp/hard/libgcc.a
LOAD /Applications/Simplicity Studio.app/Contents/Eclipse/developer/toolchains/gnu_arm/12.2.rel1_2023.7/bin/../lib/gcc/arm-none-eabi/12.2.1/../../../../arm-none-eabi/lib/thumb/v8-m.main+fp/hard/libg_nano.a
LOAD /Applications/Simplicity Studio.app/Contents/Eclipse/developer/toolchains/gnu_arm/12.2.rel1_2023.7/bin/../lib/gcc/arm-none-eabi/12.2.1/../../../../arm-none-eabi/lib/thumb/v8-m.main+fp/hard/libc_nano.a
END GROUP
START GROUP
LOAD /Applications/Simplicity Studio.app/Contents/Eclipse/developer/toolchains/gnu_arm/12.2.rel1_2023.7/bin/../lib/gcc/arm-none-eabi/12.2.1/thumb/v8-m.main+fp/hard/libgcc.a
LOAD /Applications/Simplicity Studio.app/Contents/Eclipse/developer/toolchains/gnu_arm/12.2.rel1_2023.7/bin/../lib/gcc/arm-none-eabi/12.2.1/../../../../arm-none-eabi/lib/thumb/v8-m.main+fp/hard/libc_nano.a
END GROUP
LOAD /Applications/Simplicity Studio.app/Contents/Eclipse/developer/toolchains/gnu_arm/12.2.rel1_2023.7/bin/../lib/gcc/arm-none-eabi/12.2.1/thumb/v8-m.main+fp/hard/crtend.o
LOAD /Applications/Simplicity Studio.app/Contents/Eclipse/developer/toolchains/gnu_arm/12.2.rel1_2023.7/bin/../lib/gcc/arm-none-eabi/12.2.1/thumb/v8-m.main+fp/hard/crtn.o

.vectors        0x0000000008000000      0x170
                0x0000000008000000                linker_vectors_begin = .
 *(.vectors)
 .vectors       0x0000000008000000      0x170 ./simplicity_sdk_2025.6.1/platform/Device/SiliconLabs/EFR32MG24/Source/startup_efr32mg24.o
                0x0000000008000000                __Vectors
                0x0000000008000170                linker_vectors_end = .
                0x0000000008000170                __Vectors_End = .
                0x0000000008000170                __Vectors_Size = (__Vectors_End - __Vectors)
                0x0000000008000170                __lma_ramfuncs_start__ = .

.stack          0x0000000020000000     0x1000
                0x0000000020000000                . = ALIGN (0x8)
                0x0000000020000000                __StackLimit = .
 *(.stack*)
 .stack         0x0000000020000000     0x1000 ./simplicity_sdk_2025.6.1/platform/service/memory_manager/src/sl_memory_manager_region.o
                0x0000000020001000                . = ALIGN (0x4)
                0x0000000020001000                __StackTop = .
                0x0000000020001000                PROVIDE (__stack = __StackTop)

.bss            0x0000000020001000      0x5b8
                0x0000000020001000                . = ALIGN (0x4)
                0x0000000020001000                __bss_start__ = .
 *(SORT_BY_ALIGNMENT(.bss*))
 .bss.object.0  0x0000000020001000       0x18 /Applications/Simplicity Studio.app/Contents/Eclipse/developer/toolchains/gnu_arm/12.2.rel1_2023.7/bin/../lib/gcc/arm-none-eabi/12.2.1/thumb/v8-m.main+fp/hard/crtbegin.o
 .bss.sl_iostream_recommended_console_stream
                0x0000000020001018        0x4 ./autogen/sl_iostream_handles.o
                0x0000000020001018                sl_iostream_recommended_console_stream
 .bss.context_vcom
                0x000000002000101c       0xb4 ./autogen/sl_iostream_init_eusart_instances.o
 .bss.sl_iostream_vcom
                0x00000000200010d0       0x1c ./autogen/sl_iostream_init_eusart_instances.o
 .bss.gpio_interrupts
                0x00000000200010ec      0x168 ./simplicity_sdk_2025.6.1/platform/driver/gpio/src/sl_gpio.o
 .bss.dmaXfer   0x0000000020001254      0x100 ./simplicity_sdk_2025.6.1/platform/emdrv/dmadrv/src/dmadrv.o
 .bss.chTable   0x0000000020001354       0x80 ./simplicity_sdk_2025.6.1/platform/emdrv/dmadrv/src/dmadrv.o
 .bss.sli_iostream_default
                0x00000000200013d4        0x4 ./simplicity_sdk_2025.6.1/platform/service/iostream/src/sl_iostream.o
 .bss.max_millisecond_conversion
                0x00000000200013d8        0x4 ./simplicity_sdk_2025.6.1/platform/service/sleeptimer/src/sl_sleeptimer.o
 .bss.last_delta_update_count
                0x00000000200013dc        0x4 ./simplicity_sdk_2025.6.1/platform/service/sleeptimer/src/sl_sleeptimer.o
 .bss.timer_head
                0x00000000200013e0        0x4 ./simplicity_sdk_2025.6.1/platform/service/sleeptimer/src/sl_sleeptimer.o
 .bss.timer_frequency
                0x00000000200013e4        0x4 ./simplicity_sdk_2025.6.1/platform/service/sleeptimer/src/sl_sleeptimer.o
 .bss.overflow_counter
                0x00000000200013e8        0x4 ./simplicity_sdk_2025.6.1/platform/service/sleeptimer/src/sl_sleeptimer.o
 .bss.__sf      0x00000000200013ec      0x138 /Applications/Simplicity Studio.app/Contents/Eclipse/developer/toolchains/gnu_arm/12.2.rel1_2023.7/bin/../lib/gcc/arm-none-eabi/12.2.1/../../../../arm-none-eabi/lib/thumb/v8-m.main+fp/hard/libc_nano.a(libc_a-findfp.o)
                0x00000000200013ec                __sf
 .bss.__stdio_exit_handler
                0x0000000020001524        0x4 /Applications/Simplicity Studio.app/Contents/Eclipse/developer/toolchains/gnu_arm/12.2.rel1_2023.7/bin/../lib/gcc/arm-none-eabi/12.2.1/../../../../arm-none-eabi/lib/thumb/v8-m.main+fp/hard/libc_nano.a(libc_a-findfp.o)
                0x0000000020001524                __stdio_exit_handler
 .bss.__malloc_sbrk_start
                0x0000000020001528        0x4 /Applications/Simplicity Studio.app/Contents/Eclipse/developer/toolchains/gnu_arm/12.2.rel1_2023.7/bin/../lib/gcc/arm-none-eabi/12.2.1/../../../../arm-none-eabi/lib/thumb/v8-m.main+fp/hard/libc_nano.a(libc_a-mallocr.o)
                0x0000000020001528                __malloc_sbrk_start
 .bss.__malloc_free_list
                0x000000002000152c        0x4 /Applications/Simplicity Studio.app/Contents/Eclipse/developer/toolchains/gnu_arm/12.2.rel1_2023.7/bin/../lib/gcc/arm-none-eabi/12.2.1/../../../../arm-none-eabi/lib/thumb/v8-m.main+fp/hard/libc_nano.a(libc_a-mallocr.o)
                0x000000002000152c                __malloc_free_list
 .bss.errno     0x0000000020001530        0x4 /Applications/Simplicity Studio.app/Contents/Eclipse/developer/toolchains/gnu_arm/12.2.rel1_2023.7/bin/../lib/gcc/arm-none-eabi/12.2.1/../../../../arm-none-eabi/lib/thumb/v8-m.main+fp/hard/libc_nano.a(libc_a-reent.o)
                0x0000000020001530                errno
 .bss.completed.1
                0x0000000020001534        0x1 /Applications/Simplicity Studio.app/Contents/Eclipse/developer/toolchains/gnu_arm/12.2.rel1_2023.7/bin/../lib/gcc/arm-none-eabi/12.2.1/thumb/v8-m.main+fp/hard/crtbegin.o
 .bss.g_init_success
                0x0000000020001535        0x1 ./app.o
                0x0000000020001535                g_init_success
 .bss.index.0   0x0000000020001536        0x1 ./app_iostream_eusart.o
 .bss.buffer    0x0000000020001537       0x50 ./app_iostream_eusart.o
 .bss.rx_buffer_vcom
                0x0000000020001587       0x20 ./autogen/sl_iostream_init_eusart_instances.o
 .bss.initialized
                0x00000000200015a7        0x1 ./simplicity_sdk_2025.6.1/platform/emdrv/dmadrv/src/dmadrv.o
 .bss.pclkDiv   0x00000000200015a8        0x1 ./simplicity_sdk_2025.6.1/platform/emlib/src/em_cmu.o
 .bss.vScaleEM01Config
                0x00000000200015a9        0x1 ./simplicity_sdk_2025.6.1/platform/emlib/src/em_emu.o
 .bss.dali_rx_nb_packets
                0x00000000200015aa        0x2 ./simplicity_sdk_2025.6.1/platform/emlib/src/em_eusart.o
 .bss.dali_tx_nb_packets
                0x00000000200015ac        0x2 ./simplicity_sdk_2025.6.1/platform/emlib/src/em_eusart.o
 .bss.is_interrupt_manager_initialized
                0x00000000200015ae        0x1 ./simplicity_sdk_2025.6.1/platform/service/interrupt_manager/src/sl_interrupt_manager_cortexm.o
 .bss.null_byte
                0x00000000200015af        0x1 ./simplicity_sdk_2025.6.1/platform/service/iostream/src/sl_iostream_uart.o
 .bss.sleep_on_isr_exit
                0x00000000200015b0        0x1 ./simplicity_sdk_2025.6.1/platform/service/sleeptimer/src/sl_sleeptimer.o
 .bss.next_timer_to_expire_is_power_manager
                0x00000000200015b1        0x1 ./simplicity_sdk_2025.6.1/platform/service/sleeptimer/src/sl_sleeptimer.o
 .bss.is_sleeptimer_initialized
                0x00000000200015b2        0x1 ./simplicity_sdk_2025.6.1/platform/service/sleeptimer/src/sl_sleeptimer.o
 .bss.__lock___malloc_recursive_mutex
                0x00000000200015b3        0x1 /Applications/Simplicity Studio.app/Contents/Eclipse/developer/toolchains/gnu_arm/12.2.rel1_2023.7/bin/../lib/gcc/arm-none-eabi/12.2.1/../../../../arm-none-eabi/lib/thumb/v8-m.main+fp/hard/libc_nano.a(libc_a-lock.o)
                0x00000000200015b3                __lock___malloc_recursive_mutex
 .bss.__lock___sfp_recursive_mutex
                0x00000000200015b4        0x1 /Applications/Simplicity Studio.app/Contents/Eclipse/developer/toolchains/gnu_arm/12.2.rel1_2023.7/bin/../lib/gcc/arm-none-eabi/12.2.1/../../../../arm-none-eabi/lib/thumb/v8-m.main+fp/hard/libc_nano.a(libc_a-lock.o)
                0x00000000200015b4                __lock___sfp_recursive_mutex
 *(COMMON)
                0x00000000200015b8                . = ALIGN (0x4)
 *fill*         0x00000000200015b5        0x3 
                0x00000000200015b8                __bss_end__ = .

.noinit         0x00000000200015b8        0x0
 *(.noinit*)
                0x00000000200015b8                . = ALIGN (0x4)

text_application_ram
                0x00000000200015b8        0x0 load address 0x0000000008000170
                0x00000000200015b8                . = ALIGN (0x4)
                0x00000000200015b8                __vma_ramfuncs_start__ = .
                0x00000000200015b8                __text_application_ram_start__ = .
 *(text_application_ram)
                0x00000000200015b8                . = ALIGN (0x4)
                0x00000000200015b8                __vma_ramfuncs_end__ = .
                0x00000000200015b8                __text_application_ram_end__ = .

.rodata         0x0000000008000170        0x0
                0x0000000008000170                __lma_ramfuncs_end__ = .
                0x0000000008000170                __rodata_start__ = .
                0x0000000008000170                __rodata_end__ = .

.text           0x0000000008000170     0x7730
                0x0000000008000170                linker_code_begin = .
 *(SORT_BY_ALIGNMENT(.text*))
 .text          0x0000000008000170        0x8 ./simplicity_sdk_2025.6.1/platform/service/udelay/src/sl_udelay_armv6m_gcc.o
                0x0000000008000170                sli_delay_loop
 .text.deregister_tm_clones
                0x0000000008000178       0x1c /Applications/Simplicity Studio.app/Contents/Eclipse/developer/toolchains/gnu_arm/12.2.rel1_2023.7/bin/../lib/gcc/arm-none-eabi/12.2.1/thumb/v8-m.main+fp/hard/crtbegin.o
 .text.register_tm_clones
                0x0000000008000194       0x28 /Applications/Simplicity Studio.app/Contents/Eclipse/developer/toolchains/gnu_arm/12.2.rel1_2023.7/bin/../lib/gcc/arm-none-eabi/12.2.1/thumb/v8-m.main+fp/hard/crtbegin.o
 .text.__do_global_dtors_aux
                0x00000000080001bc       0x28 /Applications/Simplicity Studio.app/Contents/Eclipse/developer/toolchains/gnu_arm/12.2.rel1_2023.7/bin/../lib/gcc/arm-none-eabi/12.2.1/thumb/v8-m.main+fp/hard/crtbegin.o
 .text.frame_dummy
                0x00000000080001e4       0x24 /Applications/Simplicity Studio.app/Contents/Eclipse/developer/toolchains/gnu_arm/12.2.rel1_2023.7/bin/../lib/gcc/arm-none-eabi/12.2.1/thumb/v8-m.main+fp/hard/crtbegin.o
 .text          0x0000000008000208       0x7c /Applications/Simplicity Studio.app/Contents/Eclipse/developer/toolchains/gnu_arm/12.2.rel1_2023.7/bin/../lib/gcc/arm-none-eabi/12.2.1/../../../../arm-none-eabi/lib/thumb/v8-m.main+fp/hard/crt0.o
                0x0000000008000208                _stack_init
                0x0000000008000210                _mainCRTStartup
                0x0000000008000210                _start
 .text.app_init
                0x0000000008000284       0xe8 ./app.o
                0x0000000008000284                app_init
 .text.app_process_action
                0x000000000800036c       0x54 ./app.o
                0x000000000800036c                app_process_action
 .text.app_iostream_eusart_init
                0x00000000080003c0       0xa0 ./app_iostream_eusart.o
                0x00000000080003c0                app_iostream_eusart_init
 .text.app_iostream_eusart_process_action
                0x0000000008000460       0x64 ./app_iostream_eusart.o
                0x0000000008000460                app_iostream_eusart_process_action
 .text.spi_transfer_simple
                0x00000000080004c4       0x24 ./max30003.o
 .text.GPIO_PinOutSet.constprop.0
                0x00000000080004e8        0xc ./max30003.o
 .text.GPIO_PinOutClear.constprop.0
                0x00000000080004f4        0xc ./max30003.o
 .text.max30003_convert_to_mv
                0x0000000008000500       0x30 ./max30003.o
                0x0000000008000500                max30003_convert_to_mv
 .text.max30003_init
                0x0000000008000530      0x198 ./max30003.o
                0x0000000008000530                max30003_init
 .text.sl_iostream_set_console_instance
                0x00000000080006c8       0x24 ./autogen/sl_iostream_handles.o
                0x00000000080006c8                sl_iostream_set_console_instance
 .text.sl_iostream_eusart_init_vcom
                0x00000000080006ec       0xc4 ./autogen/sl_iostream_init_eusart_instances.o
                0x00000000080006ec                sl_iostream_eusart_init_vcom
 .text.EUSART0_RX_IRQHandler
                0x00000000080007b0        0xc ./autogen/sl_iostream_init_eusart_instances.o
                0x00000000080007b0                EUSART0_RX_IRQHandler
 .text.sl_board_init
                0x00000000080007bc       0x18 ./simplicity_sdk_2025.6.1/hardware/board/src/sl_board_init.o
                0x00000000080007bc                sl_board_init
 .text.sl_board_preinit
                0x00000000080007d4        0xc ./simplicity_sdk_2025.6.1/hardware/board/src/sl_board_init.o
                0x00000000080007d4                sl_board_preinit
 .text.sl_mx25_flash_shutdown
                0x00000000080007e0      0x170 ./simplicity_sdk_2025.6.1/hardware/driver/mx25_flash_shutdown/src/sl_mx25_flash_shutdown_eusart/sl_mx25_flash_shutdown.o
                0x00000000080007e0                sl_mx25_flash_shutdown
 .text.CopyToRam
                0x0000000008000950       0x1c ./simplicity_sdk_2025.6.1/platform/Device/SiliconLabs/EFR32MG24/Source/startup_efr32mg24.o
                0x0000000008000950                CopyToRam
 .text.Reset_Handler
                0x000000000800096c       0x6c ./simplicity_sdk_2025.6.1/platform/Device/SiliconLabs/EFR32MG24/Source/startup_efr32mg24.o
                0x000000000800096c                Reset_Handler
 .text.SystemInit
                0x00000000080009d8       0x64 ./simplicity_sdk_2025.6.1/platform/Device/SiliconLabs/EFR32MG24/Source/system_efr32mg24.o
                0x00000000080009d8                SystemInit
 .text.SystemHFRCODPLLClockSet
                0x0000000008000a3c        0xc ./simplicity_sdk_2025.6.1/platform/Device/SiliconLabs/EFR32MG24/Source/system_efr32mg24.o
                0x0000000008000a3c                SystemHFRCODPLLClockSet
 .text.SystemHFXOClockSet
                0x0000000008000a48       0x20 ./simplicity_sdk_2025.6.1/platform/Device/SiliconLabs/EFR32MG24/Source/system_efr32mg24.o
                0x0000000008000a48                SystemHFXOClockSet
 .text.sl_slist_push_back
                0x0000000008000a68       0x24 ./simplicity_sdk_2025.6.1/platform/common/src/sl_slist.o
                0x0000000008000a68                sl_slist_push_back
 .text.sl_slist_pop
                0x0000000008000a8c       0x20 ./simplicity_sdk_2025.6.1/platform/common/src/sl_slist.o
                0x0000000008000a8c                sl_slist_pop
 .text.sl_debug_swo_init
                0x0000000008000aac       0xcc ./simplicity_sdk_2025.6.1/platform/driver/debug/src/sl_debug_swo.o
                0x0000000008000aac                sl_debug_swo_init
 .text.sl_debug_swo_write_u8
                0x0000000008000b78       0x44 ./simplicity_sdk_2025.6.1/platform/driver/debug/src/sl_debug_swo.o
                0x0000000008000b78                sl_debug_swo_write_u8
 .text.sl_gpio_dispatch_interrupt
                0x0000000008000bbc       0x5c ./simplicity_sdk_2025.6.1/platform/driver/gpio/src/sl_gpio.o
 .text.sl_gpio_init
                0x0000000008000c18       0x38 ./simplicity_sdk_2025.6.1/platform/driver/gpio/src/sl_gpio.o
                0x0000000008000c18                sl_gpio_init
 .text.sl_gpio_set_pin_mode
                0x0000000008000c50       0x84 ./simplicity_sdk_2025.6.1/platform/driver/gpio/src/sl_gpio.o
                0x0000000008000c50                sl_gpio_set_pin_mode
 .text.sl_gpio_set_pin
                0x0000000008000cd4       0x5c ./simplicity_sdk_2025.6.1/platform/driver/gpio/src/sl_gpio.o
                0x0000000008000cd4                sl_gpio_set_pin
 .text.sl_gpio_clear_pin
                0x0000000008000d30       0x5c ./simplicity_sdk_2025.6.1/platform/driver/gpio/src/sl_gpio.o
                0x0000000008000d30                sl_gpio_clear_pin
 .text.GPIO_EVEN_IRQHandler
                0x0000000008000d8c       0x20 ./simplicity_sdk_2025.6.1/platform/driver/gpio/src/sl_gpio.o
                0x0000000008000d8c                GPIO_EVEN_IRQHandler
 .text.GPIO_ODD_IRQHandler
                0x0000000008000dac       0x20 ./simplicity_sdk_2025.6.1/platform/driver/gpio/src/sl_gpio.o
                0x0000000008000dac                GPIO_ODD_IRQHandler
 .text.StartTransfer
                0x0000000008000dcc      0x17c ./simplicity_sdk_2025.6.1/platform/emdrv/dmadrv/src/dmadrv.o
 .text.DMADRV_AllocateChannel
                0x0000000008000f48       0x60 ./simplicity_sdk_2025.6.1/platform/emdrv/dmadrv/src/dmadrv.o
                0x0000000008000f48                DMADRV_AllocateChannel
 .text.DMADRV_DeInit
                0x0000000008000fa8       0x44 ./simplicity_sdk_2025.6.1/platform/emdrv/dmadrv/src/dmadrv.o
                0x0000000008000fa8                DMADRV_DeInit
 .text.DMADRV_FreeChannel
                0x0000000008000fec       0x4c ./simplicity_sdk_2025.6.1/platform/emdrv/dmadrv/src/dmadrv.o
                0x0000000008000fec                DMADRV_FreeChannel
 .text.DMADRV_Init
                0x0000000008001038       0x68 ./simplicity_sdk_2025.6.1/platform/emdrv/dmadrv/src/dmadrv.o
                0x0000000008001038                DMADRV_Init
 .text.DMADRV_LdmaStartTransfer
                0x00000000080010a0       0x4c ./simplicity_sdk_2025.6.1/platform/emdrv/dmadrv/src/dmadrv.o
                0x00000000080010a0                DMADRV_LdmaStartTransfer
 .text.DMADRV_PauseTransfer
                0x00000000080010ec       0x40 ./simplicity_sdk_2025.6.1/platform/emdrv/dmadrv/src/dmadrv.o
                0x00000000080010ec                DMADRV_PauseTransfer
 .text.DMADRV_ResumeTransfer
                0x000000000800112c       0x40 ./simplicity_sdk_2025.6.1/platform/emdrv/dmadrv/src/dmadrv.o
                0x000000000800112c                DMADRV_ResumeTransfer
 .text.LDMA_IRQHandler
                0x000000000800116c       0x74 ./simplicity_sdk_2025.6.1/platform/emdrv/dmadrv/src/dmadrv.o
                0x000000000800116c                LDMA_IRQHandler
 .text.EMU_VScaleGet
                0x00000000080011e0       0x18 ./simplicity_sdk_2025.6.1/platform/emlib/src/em_cmu.o
 .text.dpllRefClkGet
                0x00000000080011f8       0x48 ./simplicity_sdk_2025.6.1/platform/emlib/src/em_cmu.o
 .text.em23GrpaClkGet
                0x0000000008001240       0x48 ./simplicity_sdk_2025.6.1/platform/emlib/src/em_cmu.o
 .text.em4GrpaClkGet
                0x0000000008001288       0x48 ./simplicity_sdk_2025.6.1/platform/emlib/src/em_cmu.o
 .text.sysrtcClkGet
                0x00000000080012d0       0x48 ./simplicity_sdk_2025.6.1/platform/emlib/src/em_cmu.o
 .text.traceClkGet
                0x0000000008001318       0x54 ./simplicity_sdk_2025.6.1/platform/emlib/src/em_cmu.o
 .text.em01GrpaClkGet
                0x000000000800136c       0x74 ./simplicity_sdk_2025.6.1/platform/emlib/src/em_cmu.o
 .text.em01GrpcClkGet
                0x00000000080013e0       0x70 ./simplicity_sdk_2025.6.1/platform/emlib/src/em_cmu.o
 .text.eusart0ClkGet
                0x0000000008001450       0x74 ./simplicity_sdk_2025.6.1/platform/emlib/src/em_cmu.o
 .text.iadcClkGet
                0x00000000080014c4       0x60 ./simplicity_sdk_2025.6.1/platform/emlib/src/em_cmu.o
 .text.wdog0ClkGet
                0x0000000008001524       0x64 ./simplicity_sdk_2025.6.1/platform/emlib/src/em_cmu.o
 .text.wdog1ClkGet
                0x0000000008001588       0x64 ./simplicity_sdk_2025.6.1/platform/emlib/src/em_cmu.o
 .text.vdac0ClkGet
                0x00000000080015ec       0x70 ./simplicity_sdk_2025.6.1/platform/emlib/src/em_cmu.o
 .text.vdac1ClkGet
                0x000000000800165c       0x70 ./simplicity_sdk_2025.6.1/platform/emlib/src/em_cmu.o
 .text.pcnt0ClkGet
                0x00000000080016cc       0x4c ./simplicity_sdk_2025.6.1/platform/emlib/src/em_cmu.o
 .text.HFRCODPLLDevinfoGet
                0x0000000008001718      0x108 ./simplicity_sdk_2025.6.1/platform/emlib/src/em_cmu.o
 .text.CMU_ClockDivGet
                0x0000000008001820       0x78 ./simplicity_sdk_2025.6.1/platform/emlib/src/em_cmu.o
                0x0000000008001820                CMU_ClockDivGet
 .text.flashWaitStateControl
                0x0000000008001898       0x58 ./simplicity_sdk_2025.6.1/platform/emlib/src/em_cmu.o
 .text.CMU_ClockEnable
                0x00000000080018f0       0x50 ./simplicity_sdk_2025.6.1/platform/emlib/src/em_cmu.o
                0x00000000080018f0                CMU_ClockEnable
 .text.CMU_ClockFreqGet
                0x0000000008001940      0x210 ./simplicity_sdk_2025.6.1/platform/emlib/src/em_cmu.o
                0x0000000008001940                CMU_ClockFreqGet
 .text.rhclkPrescOptimize
                0x0000000008001b50       0x20 ./simplicity_sdk_2025.6.1/platform/emlib/src/em_cmu.o
 .text.CMU_ClockSelectGet
                0x0000000008001b70      0x208 ./simplicity_sdk_2025.6.1/platform/emlib/src/em_cmu.o
                0x0000000008001b70                CMU_ClockSelectGet
 .text.sli_em_cmu_SYSTICEXTCLKENClear
                0x0000000008001d78       0x30 ./simplicity_sdk_2025.6.1/platform/emlib/src/em_cmu.o
                0x0000000008001d78                sli_em_cmu_SYSTICEXTCLKENClear
 .text.CMU_HFXOInit
                0x0000000008001da8      0x224 ./simplicity_sdk_2025.6.1/platform/emlib/src/em_cmu.o
                0x0000000008001da8                CMU_HFXOInit
 .text.CMU_HFXOCTuneDeltaGet
                0x0000000008001fcc        0xc ./simplicity_sdk_2025.6.1/platform/emlib/src/em_cmu.o
                0x0000000008001fcc                CMU_HFXOCTuneDeltaGet
 .text.CMU_LFXOInit
                0x0000000008001fd8       0xc4 ./simplicity_sdk_2025.6.1/platform/emlib/src/em_cmu.o
                0x0000000008001fd8                CMU_LFXOInit
 .text.CMU_LFXOPrecisionSet
                0x000000000800209c        0xc ./simplicity_sdk_2025.6.1/platform/emlib/src/em_cmu.o
                0x000000000800209c                CMU_LFXOPrecisionSet
 .text.CMU_HFXOPrecisionSet
                0x00000000080020a8        0xc ./simplicity_sdk_2025.6.1/platform/emlib/src/em_cmu.o
                0x00000000080020a8                CMU_HFXOPrecisionSet
 .text.CMU_LFRCOSetPrecision
                0x00000000080020b4       0x80 ./simplicity_sdk_2025.6.1/platform/emlib/src/em_cmu.o
                0x00000000080020b4                CMU_LFRCOSetPrecision
 .text.CMU_ClockDivSet
                0x0000000008002134      0x12c ./simplicity_sdk_2025.6.1/platform/emlib/src/em_cmu.o
                0x0000000008002134                CMU_ClockDivSet
 .text.sli_em_cmu_SYSCLKInitPreClockSelect
                0x0000000008002260       0x30 ./simplicity_sdk_2025.6.1/platform/emlib/src/em_cmu.o
                0x0000000008002260                sli_em_cmu_SYSCLKInitPreClockSelect
 .text.pclkDivOptimize
                0x0000000008002290       0x24 ./simplicity_sdk_2025.6.1/platform/emlib/src/em_cmu.o
 .text.sli_em_cmu_SYSCLKInitPostClockSelect
                0x00000000080022b4       0x40 ./simplicity_sdk_2025.6.1/platform/emlib/src/em_cmu.o
                0x00000000080022b4                sli_em_cmu_SYSCLKInitPostClockSelect
 .text.CMU_HFRCODPLLBandSet
                0x00000000080022f4      0x11c ./simplicity_sdk_2025.6.1/platform/emlib/src/em_cmu.o
                0x00000000080022f4                CMU_HFRCODPLLBandSet
 .text.CMU_HFRCOEM23BandSet
                0x0000000008002410      0x168 ./simplicity_sdk_2025.6.1/platform/emlib/src/em_cmu.o
                0x0000000008002410                CMU_HFRCOEM23BandSet
 .text.EMU_DCDCSync
                0x0000000008002578       0x10 ./simplicity_sdk_2025.6.1/platform/emlib/src/em_emu.o
 .text.EMU_EM4Init
                0x0000000008002588       0x14 ./simplicity_sdk_2025.6.1/platform/emlib/src/em_emu.o
                0x0000000008002588                EMU_EM4Init
 .text.EMU_VScaleEM01
                0x000000000800259c       0xa8 ./simplicity_sdk_2025.6.1/platform/emlib/src/em_emu.o
                0x000000000800259c                EMU_VScaleEM01
 .text.EMU_VScaleEM01ByClock
                0x0000000008002644       0x30 ./simplicity_sdk_2025.6.1/platform/emlib/src/em_emu.o
                0x0000000008002644                EMU_VScaleEM01ByClock
 .text.EMU_DCDCModeSet
                0x0000000008002674       0xac ./simplicity_sdk_2025.6.1/platform/emlib/src/em_emu.o
                0x0000000008002674                EMU_DCDCModeSet
 .text.EMU_DCDCInit
                0x0000000008002720       0x70 ./simplicity_sdk_2025.6.1/platform/emlib/src/em_emu.o
                0x0000000008002720                EMU_DCDCInit
 .text.EMU_DCDCSetPFMXModePeakCurrent
                0x0000000008002790       0x6c ./simplicity_sdk_2025.6.1/platform/emlib/src/em_emu.o
                0x0000000008002790                EMU_DCDCSetPFMXModePeakCurrent
 .text.EUSART_Reset
                0x00000000080027fc       0x54 ./simplicity_sdk_2025.6.1/platform/emlib/src/em_eusart.o
                0x00000000080027fc                EUSART_Reset
 .text.EUSART_Enable
                0x0000000008002850       0x6c ./simplicity_sdk_2025.6.1/platform/emlib/src/em_eusart.o
                0x0000000008002850                EUSART_Enable
 .text.EUSART_BaudrateSet
                0x00000000080028bc      0x1cc ./simplicity_sdk_2025.6.1/platform/emlib/src/em_eusart.o
                0x00000000080028bc                EUSART_BaudrateSet
 .text.EUSART_AsyncInitCommon
                0x0000000008002a88      0x24c ./simplicity_sdk_2025.6.1/platform/emlib/src/em_eusart.o
 .text.EUSART_UartInitHf
                0x0000000008002cd4       0x5c ./simplicity_sdk_2025.6.1/platform/emlib/src/em_eusart.o
                0x0000000008002cd4                EUSART_UartInitHf
 .text.EUSART_UartInitLf
                0x0000000008002d30       0xb8 ./simplicity_sdk_2025.6.1/platform/emlib/src/em_eusart.o
                0x0000000008002d30                EUSART_UartInitLf
 .text.EUSART_SpiInit
                0x0000000008002de8      0x1fc ./simplicity_sdk_2025.6.1/platform/emlib/src/em_eusart.o
                0x0000000008002de8                EUSART_SpiInit
 .text.GPIO_PinOutSet
                0x0000000008002fe4       0x3c ./simplicity_sdk_2025.6.1/platform/emlib/src/em_gpio.o
 .text.GPIO_PinOutClear
                0x0000000008003020       0x3c ./simplicity_sdk_2025.6.1/platform/emlib/src/em_gpio.o
 .text.GPIO_PinModeSet
                0x000000000800305c       0x94 ./simplicity_sdk_2025.6.1/platform/emlib/src/em_gpio.o
                0x000000000800305c                GPIO_PinModeSet
 .text.LDMA_DeInit
                0x00000000080030f0       0x2c ./simplicity_sdk_2025.6.1/platform/emlib/src/em_ldma.o
                0x00000000080030f0                LDMA_DeInit
 .text.LDMA_EnableChannelRequest
                0x000000000800311c       0x40 ./simplicity_sdk_2025.6.1/platform/emlib/src/em_ldma.o
                0x000000000800311c                LDMA_EnableChannelRequest
 .text.LDMA_Init
                0x000000000800315c       0x90 ./simplicity_sdk_2025.6.1/platform/emlib/src/em_ldma.o
                0x000000000800315c                LDMA_Init
 .text.LDMA_StartTransfer
                0x00000000080031ec       0xf8 ./simplicity_sdk_2025.6.1/platform/emlib/src/em_ldma.o
                0x00000000080031ec                LDMA_StartTransfer
 .text.LDMA_StopTransfer
                0x00000000080032e4       0x38 ./simplicity_sdk_2025.6.1/platform/emlib/src/em_ldma.o
                0x00000000080032e4                LDMA_StopTransfer
 .text.LDMA_TransferDone
                0x000000000800331c       0x44 ./simplicity_sdk_2025.6.1/platform/emlib/src/em_ldma.o
                0x000000000800331c                LDMA_TransferDone
 .text.LDMA_TransferRemainingCount
                0x0000000008003360       0x44 ./simplicity_sdk_2025.6.1/platform/emlib/src/em_ldma.o
                0x0000000008003360                LDMA_TransferRemainingCount
 .text.sl_hal_gpio_clear_pin
                0x00000000080033a4       0x58 ./simplicity_sdk_2025.6.1/platform/peripheral/src/sl_hal_gpio.o
                0x00000000080033a4                sl_hal_gpio_clear_pin
 .text.sl_hal_gpio_get_enabled_pending_interrupts
                0x00000000080033fc       0x14 ./simplicity_sdk_2025.6.1/platform/peripheral/src/sl_hal_gpio.o
                0x00000000080033fc                sl_hal_gpio_get_enabled_pending_interrupts
 .text.sl_hal_gpio_set_pin_mode
                0x0000000008003410       0xd0 ./simplicity_sdk_2025.6.1/platform/peripheral/src/sl_hal_gpio.o
                0x0000000008003410                sl_hal_gpio_set_pin_mode
 .text.sl_hal_sysrtc_wait_ready
                0x00000000080034e0       0x1c ./simplicity_sdk_2025.6.1/platform/peripheral/src/sl_hal_sysrtc.o
                0x00000000080034e0                sl_hal_sysrtc_wait_ready
 .text.sl_hal_sysrtc_stop
                0x00000000080034fc       0x28 ./simplicity_sdk_2025.6.1/platform/peripheral/src/sl_hal_sysrtc.o
                0x00000000080034fc                sl_hal_sysrtc_stop
 .text.sl_hal_sysrtc_enable
                0x0000000008003524       0x18 ./simplicity_sdk_2025.6.1/platform/peripheral/src/sl_hal_sysrtc.o
                0x0000000008003524                sl_hal_sysrtc_enable
 .text.sl_hal_sysrtc_disable
                0x000000000800353c       0x1c ./simplicity_sdk_2025.6.1/platform/peripheral/src/sl_hal_sysrtc.o
                0x000000000800353c                sl_hal_sysrtc_disable
 .text.sl_hal_sysrtc_init
                0x0000000008003558       0x24 ./simplicity_sdk_2025.6.1/platform/peripheral/src/sl_hal_sysrtc.o
                0x0000000008003558                sl_hal_sysrtc_init
 .text.sl_hal_sysrtc_init_group
                0x000000000800357c       0x44 ./simplicity_sdk_2025.6.1/platform/peripheral/src/sl_hal_sysrtc.o
                0x000000000800357c                sl_hal_sysrtc_init_group
 .text.sli_clock_manager_hal_init
                0x00000000080035c0      0x268 ./simplicity_sdk_2025.6.1/platform/service/clock_manager/src/sl_clock_manager_init_hal_s2.o
                0x00000000080035c0                sli_clock_manager_hal_init
 .text.sl_device_init_dcdc
                0x0000000008003828       0x2c ./simplicity_sdk_2025.6.1/platform/service/device_init/src/sl_device_init_dcdc_s2.o
                0x0000000008003828                sl_device_init_dcdc
 .text.sl_device_init_emu
                0x0000000008003854       0x24 ./simplicity_sdk_2025.6.1/platform/service/device_init/src/sl_device_init_emu_s2.o
                0x0000000008003854                sl_device_init_emu
 .text.sl_interrupt_manager_disable_irq
                0x0000000008003878       0x3c ./simplicity_sdk_2025.6.1/platform/service/interrupt_manager/src/sl_interrupt_manager_cortexm.o
                0x0000000008003878                sl_interrupt_manager_disable_irq
 .text.sl_interrupt_manager_enable_irq
                0x00000000080038b4       0x34 ./simplicity_sdk_2025.6.1/platform/service/interrupt_manager/src/sl_interrupt_manager_cortexm.o
                0x00000000080038b4                sl_interrupt_manager_enable_irq
 .text.sl_interrupt_manager_is_irq_disabled
                0x00000000080038e8       0x30 ./simplicity_sdk_2025.6.1/platform/service/interrupt_manager/src/sl_interrupt_manager_cortexm.o
                0x00000000080038e8                sl_interrupt_manager_is_irq_disabled
 .text.sl_interrupt_manager_clear_irq_pending
                0x0000000008003918       0x1c ./simplicity_sdk_2025.6.1/platform/service/interrupt_manager/src/sl_interrupt_manager_cortexm.o
                0x0000000008003918                sl_interrupt_manager_clear_irq_pending
 .text.sl_interrupt_manager_set_irq_priority
                0x0000000008003934       0x54 ./simplicity_sdk_2025.6.1/platform/service/interrupt_manager/src/sl_interrupt_manager_cortexm.o
                0x0000000008003934                sl_interrupt_manager_set_irq_priority
 .text.sl_interrupt_manager_init
                0x0000000008003988       0x34 ./simplicity_sdk_2025.6.1/platform/service/interrupt_manager/src/sl_interrupt_manager_cortexm.o
                0x0000000008003988                sl_interrupt_manager_init
 .text.sl_iostream_set_default
                0x00000000080039bc       0x18 ./simplicity_sdk_2025.6.1/platform/service/iostream/src/sl_iostream.o
                0x00000000080039bc                sl_iostream_set_default
 .text.sl_iostream_get_default
                0x00000000080039d4       0x18 ./simplicity_sdk_2025.6.1/platform/service/iostream/src/sl_iostream.o
                0x00000000080039d4                sl_iostream_get_default
 .text.sl_iostream_eusart_init
                0x00000000080039ec      0x24c ./simplicity_sdk_2025.6.1/platform/service/iostream/src/sl_iostream_eusart.o
                0x00000000080039ec                sl_iostream_eusart_init
 .text.sl_iostream_eusart_irq_handler
                0x0000000008003c38       0x10 ./simplicity_sdk_2025.6.1/platform/service/iostream/src/sl_iostream_eusart.o
                0x0000000008003c38                sl_iostream_eusart_irq_handler
 .text._write   0x0000000008003c48       0x20 ./simplicity_sdk_2025.6.1/platform/service/iostream/src/sl_iostream_retarget_stdio.o
                0x0000000008003c48                _write
 .text.__rx_buffer_empty
                0x0000000008003c68       0x34 ./simplicity_sdk_2025.6.1/platform/service/iostream/src/sl_iostream_uart.o
 .text.__rx_buffer_full
                0x0000000008003c9c       0x4c ./simplicity_sdk_2025.6.1/platform/service/iostream/src/sl_iostream_uart.o
 .text.__get_write_ptr
                0x0000000008003ce8       0x60 ./simplicity_sdk_2025.6.1/platform/service/iostream/src/sl_iostream_uart.o
 .text.__uart_async_start_write
                0x0000000008003d48       0x74 ./simplicity_sdk_2025.6.1/platform/service/iostream/src/sl_iostream_uart.o
 .text.set_new_data_detect
                0x0000000008003dbc      0x174 ./simplicity_sdk_2025.6.1/platform/service/iostream/src/sl_iostream_uart.o
 .text.__uart_async_tx_dma_callback
                0x0000000008003f30       0x40 ./simplicity_sdk_2025.6.1/platform/service/iostream/src/sl_iostream_uart.o
 .text.rx_buffer_empty
                0x0000000008003f70       0x38 ./simplicity_sdk_2025.6.1/platform/service/iostream/src/sl_iostream_uart.o
 .text.uart_read
                0x0000000008003fa8      0x2cc ./simplicity_sdk_2025.6.1/platform/service/iostream/src/sl_iostream_uart.o
 .text.uart_write
                0x0000000008004274      0x124 ./simplicity_sdk_2025.6.1/platform/service/iostream/src/sl_iostream_uart.o
 .text.sli_iostream_uart_context_init
                0x0000000008004398      0x150 ./simplicity_sdk_2025.6.1/platform/service/iostream/src/sl_iostream_uart.o
                0x0000000008004398                sli_iostream_uart_context_init
 .text.uart_deinit
                0x00000000080044e8       0x9c ./simplicity_sdk_2025.6.1/platform/service/iostream/src/sl_iostream_uart.o
 .text._sbrk    0x0000000008004584       0x20 ./simplicity_sdk_2025.6.1/platform/service/memory_manager/src/sl_memory_manager_region.o
                0x0000000008004584                _sbrk
 .text.sl_sleeptimer_init
                0x00000000080045a4       0x74 ./simplicity_sdk_2025.6.1/platform/service/sleeptimer/src/sl_sleeptimer.o
                0x00000000080045a4                sl_sleeptimer_init
 .text.sl_sleeptimer_delay_millisecond
                0x0000000008004618       0x38 ./simplicity_sdk_2025.6.1/platform/service/sleeptimer/src/sl_sleeptimer.o
                0x0000000008004618                sl_sleeptimer_delay_millisecond
 .text.sleeptimer_hal_init_timer
                0x0000000008004650       0x6c ./simplicity_sdk_2025.6.1/platform/service/sleeptimer/src/sl_sleeptimer_hal_sysrtc.o
                0x0000000008004650                sleeptimer_hal_init_timer
 .text.sl_udelay_wait
                0x00000000080046bc       0x58 ./simplicity_sdk_2025.6.1/platform/service/udelay/src/sl_udelay.o
                0x00000000080046bc                sl_udelay_wait
 .text          0x0000000008004714       0x30 /Applications/Simplicity Studio.app/Contents/Eclipse/developer/toolchains/gnu_arm/12.2.rel1_2023.7/bin/../lib/gcc/arm-none-eabi/12.2.1/thumb/v8-m.main+fp/hard/libgcc.a(_aeabi_uldivmod.o)
                0x0000000008004714                __aeabi_uldivmod
 .text.__udivmoddi4
                0x0000000008004744      0x2ec /Applications/Simplicity Studio.app/Contents/Eclipse/developer/toolchains/gnu_arm/12.2.rel1_2023.7/bin/../lib/gcc/arm-none-eabi/12.2.1/thumb/v8-m.main+fp/hard/libgcc.a(_udivmoddi4.o)
                0x0000000008004744                __udivmoddi4
 .text          0x0000000008004a30        0x4 /Applications/Simplicity Studio.app/Contents/Eclipse/developer/toolchains/gnu_arm/12.2.rel1_2023.7/bin/../lib/gcc/arm-none-eabi/12.2.1/thumb/v8-m.main+fp/hard/libgcc.a(_dvmd_tls.o)
                0x0000000008004a30                __aeabi_ldiv0
                0x0000000008004a30                __aeabi_idiv0
 .text.exit     0x0000000008004a34       0x24 /Applications/Simplicity Studio.app/Contents/Eclipse/developer/toolchains/gnu_arm/12.2.rel1_2023.7/bin/../lib/gcc/arm-none-eabi/12.2.1/../../../../arm-none-eabi/lib/thumb/v8-m.main+fp/hard/libc_nano.a(libc_a-exit.o)
                0x0000000008004a34                exit
 .text.setvbuf  0x0000000008004a58      0x168 /Applications/Simplicity Studio.app/Contents/Eclipse/developer/toolchains/gnu_arm/12.2.rel1_2023.7/bin/../lib/gcc/arm-none-eabi/12.2.1/../../../../arm-none-eabi/lib/thumb/v8-m.main+fp/hard/libc_nano.a(libc_a-setvbuf.o)
                0x0000000008004a58                setvbuf
 .text.std      0x0000000008004bc0       0x6c /Applications/Simplicity Studio.app/Contents/Eclipse/developer/toolchains/gnu_arm/12.2.rel1_2023.7/bin/../lib/gcc/arm-none-eabi/12.2.1/../../../../arm-none-eabi/lib/thumb/v8-m.main+fp/hard/libc_nano.a(libc_a-findfp.o)
 .text.stdio_exit_handler
                0x0000000008004c2c       0x18 /Applications/Simplicity Studio.app/Contents/Eclipse/developer/toolchains/gnu_arm/12.2.rel1_2023.7/bin/../lib/gcc/arm-none-eabi/12.2.1/../../../../arm-none-eabi/lib/thumb/v8-m.main+fp/hard/libc_nano.a(libc_a-findfp.o)
 .text.cleanup_stdio
                0x0000000008004c44       0x40 /Applications/Simplicity Studio.app/Contents/Eclipse/developer/toolchains/gnu_arm/12.2.rel1_2023.7/bin/../lib/gcc/arm-none-eabi/12.2.1/../../../../arm-none-eabi/lib/thumb/v8-m.main+fp/hard/libc_nano.a(libc_a-findfp.o)
 .text.global_stdio_init.part.0
                0x0000000008004c84       0x3c /Applications/Simplicity Studio.app/Contents/Eclipse/developer/toolchains/gnu_arm/12.2.rel1_2023.7/bin/../lib/gcc/arm-none-eabi/12.2.1/../../../../arm-none-eabi/lib/thumb/v8-m.main+fp/hard/libc_nano.a(libc_a-findfp.o)
 .text.__sfp_lock_acquire
                0x0000000008004cc0        0xc /Applications/Simplicity Studio.app/Contents/Eclipse/developer/toolchains/gnu_arm/12.2.rel1_2023.7/bin/../lib/gcc/arm-none-eabi/12.2.1/../../../../arm-none-eabi/lib/thumb/v8-m.main+fp/hard/libc_nano.a(libc_a-findfp.o)
                0x0000000008004cc0                __sfp_lock_acquire
 .text.__sfp_lock_release
                0x0000000008004ccc        0xc /Applications/Simplicity Studio.app/Contents/Eclipse/developer/toolchains/gnu_arm/12.2.rel1_2023.7/bin/../lib/gcc/arm-none-eabi/12.2.1/../../../../arm-none-eabi/lib/thumb/v8-m.main+fp/hard/libc_nano.a(libc_a-findfp.o)
                0x0000000008004ccc                __sfp_lock_release
 .text.__sinit  0x0000000008004cd8       0x30 /Applications/Simplicity Studio.app/Contents/Eclipse/developer/toolchains/gnu_arm/12.2.rel1_2023.7/bin/../lib/gcc/arm-none-eabi/12.2.1/../../../../arm-none-eabi/lib/thumb/v8-m.main+fp/hard/libc_nano.a(libc_a-findfp.o)
                0x0000000008004cd8                __sinit
 .text.getchar  0x0000000008004d08       0x10 /Applications/Simplicity Studio.app/Contents/Eclipse/developer/toolchains/gnu_arm/12.2.rel1_2023.7/bin/../lib/gcc/arm-none-eabi/12.2.1/../../../../arm-none-eabi/lib/thumb/v8-m.main+fp/hard/libc_nano.a(libc_a-getchar.o)
                0x0000000008004d08                getchar
 .text.printf   0x0000000008004d18       0x24 /Applications/Simplicity Studio.app/Contents/Eclipse/developer/toolchains/gnu_arm/12.2.rel1_2023.7/bin/../lib/gcc/arm-none-eabi/12.2.1/../../../../arm-none-eabi/lib/thumb/v8-m.main+fp/hard/libc_nano.a(libc_a-printf.o)
                0x0000000008004d18                printf
                0x0000000008004d18                iprintf
 .text.putchar  0x0000000008004d3c       0x10 /Applications/Simplicity Studio.app/Contents/Eclipse/developer/toolchains/gnu_arm/12.2.rel1_2023.7/bin/../lib/gcc/arm-none-eabi/12.2.1/../../../../arm-none-eabi/lib/thumb/v8-m.main+fp/hard/libc_nano.a(libc_a-putchar.o)
                0x0000000008004d3c                putchar
 .text.puts     0x0000000008004d4c       0x10 /Applications/Simplicity Studio.app/Contents/Eclipse/developer/toolchains/gnu_arm/12.2.rel1_2023.7/bin/../lib/gcc/arm-none-eabi/12.2.1/../../../../arm-none-eabi/lib/thumb/v8-m.main+fp/hard/libc_nano.a(libc_a-puts.o)
                0x0000000008004d4c                puts
 .text._fstat_r
                0x0000000008004d5c       0x24 /Applications/Simplicity Studio.app/Contents/Eclipse/developer/toolchains/gnu_arm/12.2.rel1_2023.7/bin/../lib/gcc/arm-none-eabi/12.2.1/../../../../arm-none-eabi/lib/thumb/v8-m.main+fp/hard/libc_nano.a(libc_a-fstatr.o)
                0x0000000008004d5c                _fstat_r
 .text._isatty_r
                0x0000000008004d80       0x20 /Applications/Simplicity Studio.app/Contents/Eclipse/developer/toolchains/gnu_arm/12.2.rel1_2023.7/bin/../lib/gcc/arm-none-eabi/12.2.1/../../../../arm-none-eabi/lib/thumb/v8-m.main+fp/hard/libc_nano.a(libc_a-isattyr.o)
                0x0000000008004d80                _isatty_r
 .text.__libc_init_array
                0x0000000008004da0       0x48 /Applications/Simplicity Studio.app/Contents/Eclipse/developer/toolchains/gnu_arm/12.2.rel1_2023.7/bin/../lib/gcc/arm-none-eabi/12.2.1/../../../../arm-none-eabi/lib/thumb/v8-m.main+fp/hard/libc_nano.a(libc_a-init.o)
                0x0000000008004da0                __libc_init_array
 .text._free_r  0x0000000008004de8       0x94 /Applications/Simplicity Studio.app/Contents/Eclipse/developer/toolchains/gnu_arm/12.2.rel1_2023.7/bin/../lib/gcc/arm-none-eabi/12.2.1/../../../../arm-none-eabi/lib/thumb/v8-m.main+fp/hard/libc_nano.a(libc_a-freer.o)
                0x0000000008004de8                _free_r
 .text._vfprintf_r
                0x0000000008004e7c      0x230 /Applications/Simplicity Studio.app/Contents/Eclipse/developer/toolchains/gnu_arm/12.2.rel1_2023.7/bin/../lib/gcc/arm-none-eabi/12.2.1/../../../../arm-none-eabi/lib/thumb/v8-m.main+fp/hard/libc_nano.a(libc_a-nano-vfprintf.o)
                0x0000000008004e7c                _vfiprintf_r
                0x0000000008004e7c                _vfprintf_r
 .text.malloc   0x00000000080050ac       0x10 /Applications/Simplicity Studio.app/Contents/Eclipse/developer/toolchains/gnu_arm/12.2.rel1_2023.7/bin/../lib/gcc/arm-none-eabi/12.2.1/../../../../arm-none-eabi/lib/thumb/v8-m.main+fp/hard/libc_nano.a(libc_a-malloc.o)
                0x00000000080050ac                malloc
 .text.sbrk_aligned
                0x00000000080050bc       0x44 /Applications/Simplicity Studio.app/Contents/Eclipse/developer/toolchains/gnu_arm/12.2.rel1_2023.7/bin/../lib/gcc/arm-none-eabi/12.2.1/../../../../arm-none-eabi/lib/thumb/v8-m.main+fp/hard/libc_nano.a(libc_a-mallocr.o)
 .text._malloc_r
                0x0000000008005100       0xf0 /Applications/Simplicity Studio.app/Contents/Eclipse/developer/toolchains/gnu_arm/12.2.rel1_2023.7/bin/../lib/gcc/arm-none-eabi/12.2.1/../../../../arm-none-eabi/lib/thumb/v8-m.main+fp/hard/libc_nano.a(libc_a-mallocr.o)
                0x0000000008005100                _malloc_r
 .text._printf_i
                0x00000000080051f0      0x258 /Applications/Simplicity Studio.app/Contents/Eclipse/developer/toolchains/gnu_arm/12.2.rel1_2023.7/bin/../lib/gcc/arm-none-eabi/12.2.1/../../../../arm-none-eabi/lib/thumb/v8-m.main+fp/hard/libc_nano.a(libc_a-nano-vfprintf_i.o)
                0x00000000080051f0                _printf_i
 .text.__malloc_lock
                0x0000000008005448        0xc /Applications/Simplicity Studio.app/Contents/Eclipse/developer/toolchains/gnu_arm/12.2.rel1_2023.7/bin/../lib/gcc/arm-none-eabi/12.2.1/../../../../arm-none-eabi/lib/thumb/v8-m.main+fp/hard/libc_nano.a(libc_a-mlock.o)
                0x0000000008005448                __malloc_lock
 .text.__malloc_unlock
                0x0000000008005454        0xc /Applications/Simplicity Studio.app/Contents/Eclipse/developer/toolchains/gnu_arm/12.2.rel1_2023.7/bin/../lib/gcc/arm-none-eabi/12.2.1/../../../../arm-none-eabi/lib/thumb/v8-m.main+fp/hard/libc_nano.a(libc_a-mlock.o)
                0x0000000008005454                __malloc_unlock
 .text.__swsetup_r
                0x0000000008005460       0xac /Applications/Simplicity Studio.app/Contents/Eclipse/developer/toolchains/gnu_arm/12.2.rel1_2023.7/bin/../lib/gcc/arm-none-eabi/12.2.1/../../../../arm-none-eabi/lib/thumb/v8-m.main+fp/hard/libc_nano.a(libc_a-wsetup.o)
                0x0000000008005460                __swsetup_r
 .text._close_r
                0x000000000800550c       0x20 /Applications/Simplicity Studio.app/Contents/Eclipse/developer/toolchains/gnu_arm/12.2.rel1_2023.7/bin/../lib/gcc/arm-none-eabi/12.2.1/../../../../arm-none-eabi/lib/thumb/v8-m.main+fp/hard/libc_nano.a(libc_a-closer.o)
                0x000000000800550c                _close_r
 .text._lseek_r
                0x000000000800552c       0x24 /Applications/Simplicity Studio.app/Contents/Eclipse/developer/toolchains/gnu_arm/12.2.rel1_2023.7/bin/../lib/gcc/arm-none-eabi/12.2.1/../../../../arm-none-eabi/lib/thumb/v8-m.main+fp/hard/libc_nano.a(libc_a-lseekr.o)
                0x000000000800552c                _lseek_r
 .text._read_r  0x0000000008005550       0x24 /Applications/Simplicity Studio.app/Contents/Eclipse/developer/toolchains/gnu_arm/12.2.rel1_2023.7/bin/../lib/gcc/arm-none-eabi/12.2.1/../../../../arm-none-eabi/lib/thumb/v8-m.main+fp/hard/libc_nano.a(libc_a-readr.o)
                0x0000000008005550                _read_r
 .text._sbrk_r  0x0000000008005574       0x20 /Applications/Simplicity Studio.app/Contents/Eclipse/developer/toolchains/gnu_arm/12.2.rel1_2023.7/bin/../lib/gcc/arm-none-eabi/12.2.1/../../../../arm-none-eabi/lib/thumb/v8-m.main+fp/hard/libc_nano.a(libc_a-sbrkr.o)
                0x0000000008005574                _sbrk_r
 .text._write_r
                0x0000000008005594       0x24 /Applications/Simplicity Studio.app/Contents/Eclipse/developer/toolchains/gnu_arm/12.2.rel1_2023.7/bin/../lib/gcc/arm-none-eabi/12.2.1/../../../../arm-none-eabi/lib/thumb/v8-m.main+fp/hard/libc_nano.a(libc_a-writer.o)
                0x0000000008005594                _write_r
 .text.lflush   0x00000000080055b8       0x1c /Applications/Simplicity Studio.app/Contents/Eclipse/developer/toolchains/gnu_arm/12.2.rel1_2023.7/bin/../lib/gcc/arm-none-eabi/12.2.1/../../../../arm-none-eabi/lib/thumb/v8-m.main+fp/hard/libc_nano.a(libc_a-refill.o)
 .text.__srefill_r
                0x00000000080055d4       0xe8 /Applications/Simplicity Studio.app/Contents/Eclipse/developer/toolchains/gnu_arm/12.2.rel1_2023.7/bin/../lib/gcc/arm-none-eabi/12.2.1/../../../../arm-none-eabi/lib/thumb/v8-m.main+fp/hard/libc_nano.a(libc_a-refill.o)
                0x00000000080055d4                __srefill_r
 .text.startup.main
                0x00000000080056bc       0x14 ./main.o
                0x00000000080056bc                main
 .text.max30003_write_register
                0x00000000080056d0       0x4e ./max30003.o
                0x00000000080056d0                max30003_write_register
 .text.max30003_read_register
                0x000000000800571e       0x52 ./max30003.o
                0x000000000800571e                max30003_read_register
 .text.max30003_read_ecg_sample
                0x0000000008005770       0x48 ./max30003.o
                0x0000000008005770                max30003_read_ecg_sample
 .text.max30003_data_ready
                0x00000000080057b8        0xe ./max30003.o
                0x00000000080057b8                max30003_data_ready
 .text.sl_board_default_init
                0x00000000080057c6        0x2 ./autogen/sl_board_default_init.o
                0x00000000080057c6                sl_board_default_init
 .text.sli_driver_permanent_allocation
                0x00000000080057c8        0x2 ./autogen/sl_event_handler.o
                0x00000000080057c8                sli_driver_permanent_allocation
 .text.sli_service_permanent_allocation
                0x00000000080057ca        0x2 ./autogen/sl_event_handler.o
                0x00000000080057ca                sli_service_permanent_allocation
 .text.sli_stack_permanent_allocation
                0x00000000080057cc        0x2 ./autogen/sl_event_handler.o
                0x00000000080057cc                sli_stack_permanent_allocation
 .text.sli_internal_permanent_allocation
                0x00000000080057ce        0x2 ./autogen/sl_event_handler.o
                0x00000000080057ce                sli_internal_permanent_allocation
 .text.sl_platform_init
                0x00000000080057d0       0x12 ./autogen/sl_event_handler.o
                0x00000000080057d0                sl_platform_init
 .text.sli_internal_init_early
                0x00000000080057e2        0x2 ./autogen/sl_event_handler.o
                0x00000000080057e2                sli_internal_init_early
 .text.sl_driver_init
                0x00000000080057e4       0x12 ./autogen/sl_event_handler.o
                0x00000000080057e4                sl_driver_init
 .text.sl_service_init
                0x00000000080057f6       0x12 ./autogen/sl_event_handler.o
                0x00000000080057f6                sl_service_init
 .text.sl_stack_init
                0x0000000008005808        0x2 ./autogen/sl_event_handler.o
                0x0000000008005808                sl_stack_init
 .text.sl_internal_app_init
                0x000000000800580a        0x2 ./autogen/sl_event_handler.o
                0x000000000800580a                sl_internal_app_init
 .text.sli_platform_process_action
                0x000000000800580c        0x2 ./autogen/sl_event_handler.o
                0x000000000800580c                sli_platform_process_action
 .text.sli_service_process_action
                0x000000000800580e        0x2 ./autogen/sl_event_handler.o
                0x000000000800580e                sli_service_process_action
 .text.sli_stack_process_action
                0x0000000008005810        0x2 ./autogen/sl_event_handler.o
                0x0000000008005810                sli_stack_process_action
 .text.sli_internal_app_process_action
                0x0000000008005812        0x2 ./autogen/sl_event_handler.o
                0x0000000008005812                sli_internal_app_process_action
 .text.sl_iostream_eusart_init_instances
                0x0000000008005814        0x4 ./autogen/sl_iostream_init_eusart_instances.o
                0x0000000008005814                sl_iostream_eusart_init_instances
 .text.EUSART0_TX_IRQHandler
                0x0000000008005818        0x4 ./autogen/sl_iostream_init_eusart_instances.o
                0x0000000008005818                EUSART0_TX_IRQHandler
 .text.sl_board_configure_vcom
                0x000000000800581c        0x4 ./simplicity_sdk_2025.6.1/hardware/board/src/sl_board_control_gpio.o
                0x000000000800581c                sl_board_configure_vcom
 .text.sli_cos_swo_itm_8_write.constprop.0.isra.0
                0x0000000008005820       0x78 ./simplicity_sdk_2025.6.1/hardware/driver/configuration_over_swo/src/sl_cos.o
 .text.sl_cos_send_config
                0x0000000008005898       0x12 ./simplicity_sdk_2025.6.1/hardware/driver/configuration_over_swo/src/sl_cos.o
                0x0000000008005898                sl_cos_send_config
 .text.sl_cos_config_vcom
                0x00000000080058aa       0x1c ./simplicity_sdk_2025.6.1/hardware/driver/configuration_over_swo/src/sl_cos.o
                0x00000000080058aa                sl_cos_config_vcom
 .text.Default_Handler
                0x00000000080058c6        0x2 ./simplicity_sdk_2025.6.1/platform/Device/SiliconLabs/EFR32MG24/Source/startup_efr32mg24.o
                0x00000000080058c6                MPAHBRAM_IRQHandler
                0x00000000080058c6                AHB2AHB1_IRQHandler
                0x00000000080058c6                SW2_IRQHandler
                0x00000000080058c6                TIMER2_IRQHandler
                0x00000000080058c6                DebugMon_Handler
                0x00000000080058c6                USART0_TX_IRQHandler
                0x00000000080058c6                IADC_IRQHandler
                0x00000000080058c6                I2C0_IRQHandler
                0x00000000080058c6                LFXO_IRQHandler
                0x00000000080058c6                HardFault_Handler
                0x00000000080058c6                SMU_SECURE_IRQHandler
                0x00000000080058c6                SysTick_Handler
                0x00000000080058c6                SYSRTC_SEQ_IRQHandler
                0x00000000080058c6                EMUEFP_IRQHandler
                0x00000000080058c6                PendSV_Handler
                0x00000000080058c6                NMI_Handler
                0x00000000080058c6                SYNTH_IRQHandler
                0x00000000080058c6                HOSTMAILBOX_IRQHandler
                0x00000000080058c6                HFXO0_IRQHandler
                0x00000000080058c6                I2C1_IRQHandler
                0x00000000080058c6                WDOG0_IRQHandler
                0x00000000080058c6                TIMER3_IRQHandler
                0x00000000080058c6                SYSCFG_IRQHandler
                0x00000000080058c6                RFECA1_IRQHandler
                0x00000000080058c6                EMUDG_IRQHandler
                0x00000000080058c6                MSC_IRQHandler
                0x00000000080058c6                DPLL0_IRQHandler
                0x00000000080058c6                UsageFault_Handler
                0x00000000080058c6                WDOG1_IRQHandler
                0x00000000080058c6                M33CTI1_IRQHandler
                0x00000000080058c6                TIMER4_IRQHandler
                0x00000000080058c6                VDAC0_IRQHandler
                0x00000000080058c6                SEMBTX_IRQHandler
                0x00000000080058c6                SW0_IRQHandler
                0x00000000080058c6                TIMER0_IRQHandler
                0x00000000080058c6                MVP_IRQHandler
                0x00000000080058c6                LETIMER0_IRQHandler
                0x00000000080058c6                EUSART1_RX_IRQHandler
                0x00000000080058c6                TIMER1_IRQHandler
                0x00000000080058c6                HFRCO0_IRQHandler
                0x00000000080058c6                SecureFault_Handler
                0x00000000080058c6                BUFC_IRQHandler
                0x00000000080058c6                DCDC_IRQHandler
                0x00000000080058c6                MODEM_IRQHandler
                0x00000000080058c6                Default_Handler
                0x00000000080058c6                RAC_SEQ_IRQHandler
                0x00000000080058c6                FRC_PRI_IRQHandler
                0x00000000080058c6                EMU_IRQHandler
                0x00000000080058c6                SW3_IRQHandler
                0x00000000080058c6                KERNEL0_IRQHandler
                0x00000000080058c6                FRC_IRQHandler
                0x00000000080058c6                PCNT0_IRQHandler
                0x00000000080058c6                KERNEL1_IRQHandler
                0x00000000080058c6                AGC_IRQHandler
                0x00000000080058c6                EUSART1_TX_IRQHandler
                0x00000000080058c6                KEYSCAN_IRQHandler
                0x00000000080058c6                sl_app_properties
                0x00000000080058c6                HFRCOEM23_IRQHandler
                0x00000000080058c6                BURTC_IRQHandler
                0x00000000080058c6                SEMBRX_IRQHandler
                0x00000000080058c6                RFECA0_IRQHandler
                0x00000000080058c6                LFRCO_IRQHandler
                0x00000000080058c6                VDAC1_IRQHandler
                0x00000000080058c6                ACMP0_IRQHandler
                0x00000000080058c6                USART0_RX_IRQHandler
                0x00000000080058c6                MemManage_Handler
                0x00000000080058c6                AHB2AHB0_IRQHandler
                0x00000000080058c6                SVC_Handler
                0x00000000080058c6                SMU_S_PRIVILEGED_IRQHandler
                0x00000000080058c6                SW1_IRQHandler
                0x00000000080058c6                CMU_IRQHandler
                0x00000000080058c6                RAC_RSM_IRQHandler
                0x00000000080058c6                SETAMPERHOST_IRQHandler
                0x00000000080058c6                AES_IRQHandler
                0x00000000080058c6                M33CTI0_IRQHandler
                0x00000000080058c6                ICACHE0_IRQHandler
                0x00000000080058c6                SMU_NS_PRIVILEGED_IRQHandler
                0x00000000080058c6                FPUEXH_IRQHandler
                0x00000000080058c6                PROTIMER_IRQHandler
                0x00000000080058c6                ACMP1_IRQHandler
                0x00000000080058c6                BusFault_Handler
                0x00000000080058c6                ULFRCO_IRQHandler
 .text.CopyMemory
                0x00000000080058c8       0x1a ./simplicity_sdk_2025.6.1/platform/Device/SiliconLabs/EFR32MG24/Source/startup_efr32mg24.o
                0x00000000080058c8                CopyMemory
 .text.assertEFM
                0x00000000080058e2        0x2 ./simplicity_sdk_2025.6.1/platform/common/src/sl_assert.o
                0x00000000080058e2                assertEFM
 .text.sl_slist_init
                0x00000000080058e4        0x6 ./simplicity_sdk_2025.6.1/platform/common/src/sl_slist.o
                0x00000000080058e4                sl_slist_init
 .text.sl_debug_swo_enable_itm
                0x00000000080058ea       0x16 ./simplicity_sdk_2025.6.1/platform/driver/debug/src/sl_debug_swo.o
                0x00000000080058ea                sl_debug_swo_enable_itm
 .text.sl_debug_swo_disable_itm
                0x0000000008005900       0x18 ./simplicity_sdk_2025.6.1/platform/driver/debug/src/sl_debug_swo.o
                0x0000000008005900                sl_debug_swo_disable_itm
 .text.DMADRV_PeripheralMemory
                0x0000000008005918       0x34 ./simplicity_sdk_2025.6.1/platform/emdrv/dmadrv/src/dmadrv.o
                0x0000000008005918                DMADRV_PeripheralMemory
 .text.BUS_RegMaskedWrite
                0x000000000800594c       0x1e ./simplicity_sdk_2025.6.1/platform/emlib/src/em_cmu.o
 .text.waitStateMax
                0x000000000800596a       0x10 ./simplicity_sdk_2025.6.1/platform/emlib/src/em_cmu.o
 .text.CMU_UpdateWaitStates
                0x000000000800597a        0xc ./simplicity_sdk_2025.6.1/platform/emlib/src/em_cmu.o
                0x000000000800597a                CMU_UpdateWaitStates
 .text.pclkDivMax
                0x0000000008005986        0xa ./simplicity_sdk_2025.6.1/platform/emlib/src/em_cmu.o
 .text.EMU_EFPEM01VScale
                0x0000000008005990        0x2 ./simplicity_sdk_2025.6.1/platform/emlib/src/em_emu.o
                0x0000000008005990                EMU_EFPEM01VScale
 .text.EMU_DCDCUpdatedHook
                0x0000000008005992        0x2 ./simplicity_sdk_2025.6.1/platform/emlib/src/em_emu.o
                0x0000000008005992                EMU_DCDCUpdatedHook
 .text.eusart_sync
                0x0000000008005994        0x8 ./simplicity_sdk_2025.6.1/platform/emlib/src/em_eusart.o
 .text.EUSART_Disable
                0x000000000800599c       0x34 ./simplicity_sdk_2025.6.1/platform/emlib/src/em_eusart.o
 .text.EUSART_Tx
                0x00000000080059d0        0xa ./simplicity_sdk_2025.6.1/platform/emlib/src/em_eusart.o
                0x00000000080059d0                EUSART_Tx
 .text.EUSART_Spi_TxRx
                0x00000000080059da       0x14 ./simplicity_sdk_2025.6.1/platform/emlib/src/em_eusart.o
                0x00000000080059da                EUSART_Spi_TxRx
 .text.BUS_RegMaskedWrite
                0x00000000080059ee       0x1e ./simplicity_sdk_2025.6.1/platform/emlib/src/em_gpio.o
 .text.sl_hal_bus_reg_write_mask
                0x0000000008005a0c       0x1e ./simplicity_sdk_2025.6.1/platform/peripheral/src/sl_hal_gpio.o
 .text.sl_clock_manager_runtime_init
                0x0000000008005a2a        0x4 ./simplicity_sdk_2025.6.1/platform/service/clock_manager/src/sl_clock_manager.o
                0x0000000008005a2a                sl_clock_manager_runtime_init
 .text.sli_clock_manager_hal_runtime_init
                0x0000000008005a2e        0x4 ./simplicity_sdk_2025.6.1/platform/service/clock_manager/src/sl_clock_manager_hal_s2.o
                0x0000000008005a2e                sli_clock_manager_hal_runtime_init
 .text.sl_clock_manager_init
                0x0000000008005a32        0x4 ./simplicity_sdk_2025.6.1/platform/service/clock_manager/src/sl_clock_manager_init.o
                0x0000000008005a32                sl_clock_manager_init
 .text.sl_iostream_write
                0x0000000008005a36       0x22 ./simplicity_sdk_2025.6.1/platform/service/iostream/src/sl_iostream.o
                0x0000000008005a36                sl_iostream_write
 .text.sl_iostream_read
                0x0000000008005a58       0x30 ./simplicity_sdk_2025.6.1/platform/service/iostream/src/sl_iostream.o
                0x0000000008005a58                sl_iostream_read
 .text.eusart_rx
                0x0000000008005a88       0x16 ./simplicity_sdk_2025.6.1/platform/service/iostream/src/sl_iostream_eusart.o
 .text.eusart_deinit
                0x0000000008005a9e       0x7c ./simplicity_sdk_2025.6.1/platform/service/iostream/src/sl_iostream_eusart.o
 .text.eusart_tx
                0x0000000008005b1a       0x10 ./simplicity_sdk_2025.6.1/platform/service/iostream/src/sl_iostream_eusart.o
 .text._close   0x0000000008005b2a        0x4 ./simplicity_sdk_2025.6.1/platform/service/iostream/src/sl_iostream_retarget_stdio.o
                0x0000000008005b2a                _close
 .text._exit    0x0000000008005b2e        0x2 ./simplicity_sdk_2025.6.1/platform/service/iostream/src/sl_iostream_retarget_stdio.o
                0x0000000008005b2e                _exit
 .text._fstat   0x0000000008005b30        0xa ./simplicity_sdk_2025.6.1/platform/service/iostream/src/sl_iostream_retarget_stdio.o
                0x0000000008005b30                _fstat
 .text._isatty  0x0000000008005b3a        0x4 ./simplicity_sdk_2025.6.1/platform/service/iostream/src/sl_iostream_retarget_stdio.o
                0x0000000008005b3a                _isatty
 .text._lseek   0x0000000008005b3e        0x4 ./simplicity_sdk_2025.6.1/platform/service/iostream/src/sl_iostream_retarget_stdio.o
                0x0000000008005b3e                _lseek
 .text._read    0x0000000008005b42       0x1c ./simplicity_sdk_2025.6.1/platform/service/iostream/src/sl_iostream_retarget_stdio.o
                0x0000000008005b42                _read
 .text.set_auto_cr_lf
                0x0000000008005b5e        0x6 ./simplicity_sdk_2025.6.1/platform/service/iostream/src/sl_iostream_uart.o
 .text.get_auto_cr_lf
                0x0000000008005b64        0x6 ./simplicity_sdk_2025.6.1/platform/service/iostream/src/sl_iostream_uart.o
 .text.__uart_async_rx_dma_callback
                0x0000000008005b6a       0x70 ./simplicity_sdk_2025.6.1/platform/service/iostream/src/sl_iostream_uart.o
 .text.uart_write_async
                0x0000000008005bda       0x46 ./simplicity_sdk_2025.6.1/platform/service/iostream/src/sl_iostream_uart.o
 .text.sli_iostream_uart_unsubscribe_to_new_data
                0x0000000008005c20       0x1c ./simplicity_sdk_2025.6.1/platform/service/iostream/src/sl_iostream_uart.o
                0x0000000008005c20                sli_iostream_uart_unsubscribe_to_new_data
 .text.app_init_pre_clock
                0x0000000008005c3c        0x2 ./simplicity_sdk_2025.6.1/platform/service/sl_main/src/sl_main_init.o
                0x0000000008005c3c                app_init_pre_clock
 .text.app_init_early
                0x0000000008005c3e        0x2 ./simplicity_sdk_2025.6.1/platform/service/sl_main/src/sl_main_init.o
                0x0000000008005c3e                app_init_early
 .text.sl_main_second_stage_init
                0x0000000008005c40       0x1a ./simplicity_sdk_2025.6.1/platform/service/sl_main/src/sl_main_init.o
                0x0000000008005c40                sl_main_second_stage_init
 .text.sl_main_init
                0x0000000008005c5a       0x2e ./simplicity_sdk_2025.6.1/platform/service/sl_main/src/sl_main_init.o
                0x0000000008005c5a                sl_main_init
 .text.app_permanent_memory_alloc
                0x0000000008005c88        0x2 ./simplicity_sdk_2025.6.1/platform/service/sl_main/src/sl_main_init_memory.o
                0x0000000008005c88                app_permanent_memory_alloc
 .text.sli_allocate_permanent_memory
                0x0000000008005c8a       0x18 ./simplicity_sdk_2025.6.1/platform/service/sl_main/src/sl_main_init_memory.o
                0x0000000008005c8a                sli_allocate_permanent_memory
 .text.sl_main_process_action
                0x0000000008005ca2       0x16 ./simplicity_sdk_2025.6.1/platform/service/sl_main/src/sl_main_process_action.o
                0x0000000008005ca2                sl_main_process_action
 .text._fwalk_sglue
                0x0000000008005cb8       0x3c /Applications/Simplicity Studio.app/Contents/Eclipse/developer/toolchains/gnu_arm/12.2.rel1_2023.7/bin/../lib/gcc/arm-none-eabi/12.2.1/../../../../arm-none-eabi/lib/thumb/v8-m.main+fp/hard/libc_nano.a(libc_a-fwalk.o)
                0x0000000008005cb8                _fwalk_sglue
 .text.__swhatbuf_r
                0x0000000008005cf4       0x4a /Applications/Simplicity Studio.app/Contents/Eclipse/developer/toolchains/gnu_arm/12.2.rel1_2023.7/bin/../lib/gcc/arm-none-eabi/12.2.1/../../../../arm-none-eabi/lib/thumb/v8-m.main+fp/hard/libc_nano.a(libc_a-makebuf.o)
                0x0000000008005cf4                __swhatbuf_r
 .text.__smakebuf_r
                0x0000000008005d3e       0x78 /Applications/Simplicity Studio.app/Contents/Eclipse/developer/toolchains/gnu_arm/12.2.rel1_2023.7/bin/../lib/gcc/arm-none-eabi/12.2.1/../../../../arm-none-eabi/lib/thumb/v8-m.main+fp/hard/libc_nano.a(libc_a-makebuf.o)
                0x0000000008005d3e                __smakebuf_r
 .text._puts_r  0x0000000008005db6       0xaa /Applications/Simplicity Studio.app/Contents/Eclipse/developer/toolchains/gnu_arm/12.2.rel1_2023.7/bin/../lib/gcc/arm-none-eabi/12.2.1/../../../../arm-none-eabi/lib/thumb/v8-m.main+fp/hard/libc_nano.a(libc_a-puts.o)
                0x0000000008005db6                _puts_r
 .text.memset   0x0000000008005e60       0x10 /Applications/Simplicity Studio.app/Contents/Eclipse/developer/toolchains/gnu_arm/12.2.rel1_2023.7/bin/../lib/gcc/arm-none-eabi/12.2.1/../../../../arm-none-eabi/lib/thumb/v8-m.main+fp/hard/libc_nano.a(libc_a-memset.o)
                0x0000000008005e60                memset
 .text.__retarget_lock_init_recursive
                0x0000000008005e70        0x2 /Applications/Simplicity Studio.app/Contents/Eclipse/developer/toolchains/gnu_arm/12.2.rel1_2023.7/bin/../lib/gcc/arm-none-eabi/12.2.1/../../../../arm-none-eabi/lib/thumb/v8-m.main+fp/hard/libc_nano.a(libc_a-lock.o)
                0x0000000008005e70                __retarget_lock_init_recursive
 .text.__retarget_lock_acquire_recursive
                0x0000000008005e72        0x2 /Applications/Simplicity Studio.app/Contents/Eclipse/developer/toolchains/gnu_arm/12.2.rel1_2023.7/bin/../lib/gcc/arm-none-eabi/12.2.1/../../../../arm-none-eabi/lib/thumb/v8-m.main+fp/hard/libc_nano.a(libc_a-lock.o)
                0x0000000008005e72                __retarget_lock_acquire_recursive
 .text.__retarget_lock_release_recursive
                0x0000000008005e74        0x2 /Applications/Simplicity Studio.app/Contents/Eclipse/developer/toolchains/gnu_arm/12.2.rel1_2023.7/bin/../lib/gcc/arm-none-eabi/12.2.1/../../../../arm-none-eabi/lib/thumb/v8-m.main+fp/hard/libc_nano.a(libc_a-lock.o)
                0x0000000008005e74                __retarget_lock_release_recursive
 .text.memcpy   0x0000000008005e76       0x1a /Applications/Simplicity Studio.app/Contents/Eclipse/developer/toolchains/gnu_arm/12.2.rel1_2023.7/bin/../lib/gcc/arm-none-eabi/12.2.1/../../../../arm-none-eabi/lib/thumb/v8-m.main+fp/hard/libc_nano.a(libc_a-memcpy-stub.o)
                0x0000000008005e76                memcpy
 .text.__sfputc_r
                0x0000000008005e90       0x2e /Applications/Simplicity Studio.app/Contents/Eclipse/developer/toolchains/gnu_arm/12.2.rel1_2023.7/bin/../lib/gcc/arm-none-eabi/12.2.1/../../../../arm-none-eabi/lib/thumb/v8-m.main+fp/hard/libc_nano.a(libc_a-nano-vfprintf.o)
 .text.__sfputs_r
                0x0000000008005ebe       0x24 /Applications/Simplicity Studio.app/Contents/Eclipse/developer/toolchains/gnu_arm/12.2.rel1_2023.7/bin/../lib/gcc/arm-none-eabi/12.2.1/../../../../arm-none-eabi/lib/thumb/v8-m.main+fp/hard/libc_nano.a(libc_a-nano-vfprintf.o)
                0x0000000008005ebe                __sfputs_r
 .text._printf_common
                0x0000000008005ee2       0xe4 /Applications/Simplicity Studio.app/Contents/Eclipse/developer/toolchains/gnu_arm/12.2.rel1_2023.7/bin/../lib/gcc/arm-none-eabi/12.2.1/../../../../arm-none-eabi/lib/thumb/v8-m.main+fp/hard/libc_nano.a(libc_a-nano-vfprintf_i.o)
                0x0000000008005ee2                _printf_common
 .text.__sflush_r
                0x0000000008005fc6      0x106 /Applications/Simplicity Studio.app/Contents/Eclipse/developer/toolchains/gnu_arm/12.2.rel1_2023.7/bin/../lib/gcc/arm-none-eabi/12.2.1/../../../../arm-none-eabi/lib/thumb/v8-m.main+fp/hard/libc_nano.a(libc_a-fflush.o)
                0x0000000008005fc6                __sflush_r
 .text._fflush_r
                0x00000000080060cc       0x50 /Applications/Simplicity Studio.app/Contents/Eclipse/developer/toolchains/gnu_arm/12.2.rel1_2023.7/bin/../lib/gcc/arm-none-eabi/12.2.1/../../../../arm-none-eabi/lib/thumb/v8-m.main+fp/hard/libc_nano.a(libc_a-fflush.o)
                0x00000000080060cc                _fflush_r
 .text.__sread  0x000000000800611c       0x22 /Applications/Simplicity Studio.app/Contents/Eclipse/developer/toolchains/gnu_arm/12.2.rel1_2023.7/bin/../lib/gcc/arm-none-eabi/12.2.1/../../../../arm-none-eabi/lib/thumb/v8-m.main+fp/hard/libc_nano.a(libc_a-stdio.o)
                0x000000000800611c                __sread
 .text.__swrite
                0x000000000800613e       0x38 /Applications/Simplicity Studio.app/Contents/Eclipse/developer/toolchains/gnu_arm/12.2.rel1_2023.7/bin/../lib/gcc/arm-none-eabi/12.2.1/../../../../arm-none-eabi/lib/thumb/v8-m.main+fp/hard/libc_nano.a(libc_a-stdio.o)
                0x000000000800613e                __swrite
 .text.__sseek  0x0000000008006176       0x24 /Applications/Simplicity Studio.app/Contents/Eclipse/developer/toolchains/gnu_arm/12.2.rel1_2023.7/bin/../lib/gcc/arm-none-eabi/12.2.1/../../../../arm-none-eabi/lib/thumb/v8-m.main+fp/hard/libc_nano.a(libc_a-stdio.o)
                0x0000000008006176                __sseek
 .text.__sclose
                0x000000000800619a        0x8 /Applications/Simplicity Studio.app/Contents/Eclipse/developer/toolchains/gnu_arm/12.2.rel1_2023.7/bin/../lib/gcc/arm-none-eabi/12.2.1/../../../../arm-none-eabi/lib/thumb/v8-m.main+fp/hard/libc_nano.a(libc_a-stdio.o)
                0x000000000800619a                __sclose
 .text._getc_r  0x00000000080061a2       0x56 /Applications/Simplicity Studio.app/Contents/Eclipse/developer/toolchains/gnu_arm/12.2.rel1_2023.7/bin/../lib/gcc/arm-none-eabi/12.2.1/../../../../arm-none-eabi/lib/thumb/v8-m.main+fp/hard/libc_nano.a(libc_a-getc.o)
                0x00000000080061a2                _getc_r
 .text.__swbuf_r
                0x00000000080061f8       0x7c /Applications/Simplicity Studio.app/Contents/Eclipse/developer/toolchains/gnu_arm/12.2.rel1_2023.7/bin/../lib/gcc/arm-none-eabi/12.2.1/../../../../arm-none-eabi/lib/thumb/v8-m.main+fp/hard/libc_nano.a(libc_a-wbuf.o)
                0x00000000080061f8                __swbuf_r
 .text._putc_r  0x0000000008006274       0x68 /Applications/Simplicity Studio.app/Contents/Eclipse/developer/toolchains/gnu_arm/12.2.rel1_2023.7/bin/../lib/gcc/arm-none-eabi/12.2.1/../../../../arm-none-eabi/lib/thumb/v8-m.main+fp/hard/libc_nano.a(libc_a-putc.o)
                0x0000000008006274                _putc_r
 .text.__srget_r
                0x00000000080062dc       0x30 /Applications/Simplicity Studio.app/Contents/Eclipse/developer/toolchains/gnu_arm/12.2.rel1_2023.7/bin/../lib/gcc/arm-none-eabi/12.2.1/../../../../arm-none-eabi/lib/thumb/v8-m.main+fp/hard/libc_nano.a(libc_a-rget.o)
                0x00000000080062dc                __srget_r
 .text.memchr   0x000000000800630c       0x1c /Applications/Simplicity Studio.app/Contents/Eclipse/developer/toolchains/gnu_arm/12.2.rel1_2023.7/bin/../lib/gcc/arm-none-eabi/12.2.1/../../../../arm-none-eabi/lib/thumb/v8-m.main+fp/hard/libc_nano.a(libc_a-memchr-stub.o)
                0x000000000800630c                memchr
 *(SORT_BY_ALIGNMENT(text_*))
 text_system_timecritical19225
                0x0000000008006328        0xc ./simplicity_sdk_2025.6.1/platform/Device/SiliconLabs/EFR32MG24/Source/system_efr32mg24.o
                0x0000000008006328                SystemHFRCODPLLClockGet
 text_system_timecritical20228
                0x0000000008006334       0x40 ./simplicity_sdk_2025.6.1/platform/Device/SiliconLabs/EFR32MG24/Source/system_efr32mg24.o
                0x0000000008006334                SystemSYSCLKGet
 text_system_timecritical16181
                0x0000000008006374       0x24 ./simplicity_sdk_2025.6.1/platform/Device/SiliconLabs/EFR32MG24/Source/system_efr32mg24.o
                0x0000000008006374                SystemHCLKGet
 text_system_timecritical21230
                0x0000000008006398        0x8 ./simplicity_sdk_2025.6.1/platform/Device/SiliconLabs/EFR32MG24/Source/system_efr32mg24.o
                0x0000000008006398                SystemMaxCoreClockGet
 text_system_timecritical22232
                0x00000000080063a0        0x8 ./simplicity_sdk_2025.6.1/platform/Device/SiliconLabs/EFR32MG24/Source/system_efr32mg24.o
                0x00000000080063a0                SystemFSRCOClockGet
 text_system_timecritical23234
                0x00000000080063a8        0xc ./simplicity_sdk_2025.6.1/platform/Device/SiliconLabs/EFR32MG24/Source/system_efr32mg24.o
                0x00000000080063a8                SystemHFXOClockGet
 text_system_timecritical24237
                0x00000000080063b4        0x8 ./simplicity_sdk_2025.6.1/platform/Device/SiliconLabs/EFR32MG24/Source/system_efr32mg24.o
                0x00000000080063b4                SystemCLKIN0Get
 text_system_timecritical25239
                0x00000000080063bc       0x90 ./simplicity_sdk_2025.6.1/platform/Device/SiliconLabs/EFR32MG24/Source/system_efr32mg24.o
                0x00000000080063bc                SystemHFRCOEM23ClockGet
 text_system_timecritical26241
                0x000000000800644c        0xc ./simplicity_sdk_2025.6.1/platform/Device/SiliconLabs/EFR32MG24/Source/system_efr32mg24.o
                0x000000000800644c                SystemLFXOClockGet
 text_dmadrv_timecritical29166
                0x0000000008006458       0x40 ./simplicity_sdk_2025.6.1/platform/emdrv/dmadrv/src/dmadrv.o
                0x0000000008006458                DMADRV_StopTransfer
 text_dmadrv_timecritical32174
                0x0000000008006498       0x44 ./simplicity_sdk_2025.6.1/platform/emdrv/dmadrv/src/dmadrv.o
                0x0000000008006498                DMADRV_TransferDone
 text_dmadrv_timecritical33177
                0x00000000080064dc       0x44 ./simplicity_sdk_2025.6.1/platform/emdrv/dmadrv/src/dmadrv.o
                0x00000000080064dc                DMADRV_TransferRemainingCount
 text_hal_gpio_timecritical29429
                0x0000000008006520       0x58 ./simplicity_sdk_2025.6.1/platform/peripheral/src/sl_hal_gpio.o
                0x0000000008006520                sl_hal_gpio_set_pin
 text_hal_sysrtc_timecritical29261
                0x0000000008006578       0x14 ./simplicity_sdk_2025.6.1/platform/peripheral/src/sl_hal_sysrtc.o
                0x0000000008006578                sl_hal_sysrtc_wait_sync
 text_hal_sysrtc_timecritical31625
                0x000000000800658c       0x24 ./simplicity_sdk_2025.6.1/platform/peripheral/src/sl_hal_sysrtc.o
                0x000000000800658c                sl_hal_sysrtc_wait_sync_group
 text_hal_sysrtc_timecritical32658
                0x00000000080065b0       0x1c ./simplicity_sdk_2025.6.1/platform/peripheral/src/sl_hal_sysrtc.o
                0x00000000080065b0                sl_hal_sysrtc_enable_group_interrupts
 text_hal_sysrtc_timecritical33674
                0x00000000080065cc       0x1c ./simplicity_sdk_2025.6.1/platform/peripheral/src/sl_hal_sysrtc.o
                0x00000000080065cc                sl_hal_sysrtc_disable_group_interrupts
 text_hal_sysrtc_timecritical34690
                0x00000000080065e8       0x1c ./simplicity_sdk_2025.6.1/platform/peripheral/src/sl_hal_sysrtc.o
                0x00000000080065e8                sl_hal_sysrtc_clear_group_interrupts
 text_hal_sysrtc_timecritical35709
                0x0000000008006604       0x20 ./simplicity_sdk_2025.6.1/platform/peripheral/src/sl_hal_sysrtc.o
                0x0000000008006604                sl_hal_sysrtc_get_group_interrupts
 text_hal_sysrtc_timecritical36758
                0x0000000008006624       0x28 ./simplicity_sdk_2025.6.1/platform/peripheral/src/sl_hal_sysrtc.o
                0x0000000008006624                sl_hal_sysrtc_get_group_compare_channel_value
 text_hal_sysrtc_timecritical37775
                0x000000000800664c       0x28 ./simplicity_sdk_2025.6.1/platform/peripheral/src/sl_hal_sysrtc.o
                0x000000000800664c                sl_hal_sysrtc_set_group_compare_channel_value
 text_clock_manager_timecritical2674
                0x0000000008006674       0x54 ./simplicity_sdk_2025.6.1/platform/service/clock_manager/src/sl_clock_manager_hal_s2.o
                0x0000000008006674                sli_clock_manager_hal_enable_bus_clock
 text_sleeptimer_timecritical66121
                0x00000000080066c8       0x40 ./simplicity_sdk_2025.6.1/platform/service/sleeptimer/src/sl_sleeptimer.o
 text_sleeptimer_timecritical67125
                0x0000000008006708       0x3c ./simplicity_sdk_2025.6.1/platform/service/sleeptimer/src/sl_sleeptimer.o
 text_sleeptimer_timecritical69131
                0x0000000008006744       0x34 ./simplicity_sdk_2025.6.1/platform/service/sleeptimer/src/sl_sleeptimer.o
 text_sleeptimer_timecritical68128
                0x0000000008006778       0x64 ./simplicity_sdk_2025.6.1/platform/service/sleeptimer/src/sl_sleeptimer.o
 text_sleeptimer_timecritical72140
                0x00000000080067dc       0x88 ./simplicity_sdk_2025.6.1/platform/service/sleeptimer/src/sl_sleeptimer.o
 text_sleeptimer_timecritical34276
                0x0000000008006864       0x3c ./simplicity_sdk_2025.6.1/platform/service/sleeptimer/src/sl_sleeptimer.o
                0x0000000008006864                sl_sleeptimer_is_timer_running
 text_sleeptimer_timecritical40684
                0x00000000080068a0       0x24 ./simplicity_sdk_2025.6.1/platform/service/sleeptimer/src/sl_sleeptimer.o
                0x00000000080068a0                sl_sleeptimer_ms_to_tick
 text_sleeptimer_timecritical65151
                0x00000000080068c4      0x148 ./simplicity_sdk_2025.6.1/platform/service/sleeptimer/src/sl_sleeptimer.o
                0x00000000080068c4                process_timer_irq
 text_sleeptimer_timecritical6454
                0x0000000008006a0c       0x10 ./simplicity_sdk_2025.6.1/platform/service/sleeptimer/src/sl_sleeptimer_hal_sysrtc.o
                0x0000000008006a0c                sleeptimer_hal_get_counter
 text_sleeptimer_timecritical6885
                0x0000000008006a1c       0x18 ./simplicity_sdk_2025.6.1/platform/service/sleeptimer/src/sl_sleeptimer_hal_sysrtc.o
                0x0000000008006a1c                sleeptimer_hal_get_timer_frequency
 text_sleeptimer_timecritical6670
                0x0000000008006a34       0x70 ./simplicity_sdk_2025.6.1/platform/service/sleeptimer/src/sl_sleeptimer_hal_sysrtc.o
                0x0000000008006a34                sleeptimer_hal_set_compare
 text_sleeptimer_timecritical70101
                0x0000000008006aa4       0x24 ./simplicity_sdk_2025.6.1/platform/service/sleeptimer/src/sl_sleeptimer_hal_sysrtc.o
                0x0000000008006aa4                sleeptimer_hal_disable_int
 text_sleeptimer_timecritical71109
                0x0000000008006ac8       0x10 ./simplicity_sdk_2025.6.1/platform/service/sleeptimer/src/sl_sleeptimer_hal_sysrtc.o
                0x0000000008006ac8                sleeptimer_hal_set_int
 text_system_timecritical27244
                0x0000000008006ad8        0x6 ./simplicity_sdk_2025.6.1/platform/Device/SiliconLabs/EFR32MG24/Source/system_efr32mg24.o
                0x0000000008006ad8                SystemLFRCOClockGet
 text_system_timecritical28246
                0x0000000008006ade        0x6 ./simplicity_sdk_2025.6.1/platform/Device/SiliconLabs/EFR32MG24/Source/system_efr32mg24.o
                0x0000000008006ade                SystemULFRCOClockGet
 text_core_timecritical2307
                0x0000000008006ae4        0xa ./simplicity_sdk_2025.6.1/platform/common/src/sl_core_cortexm.o
                0x0000000008006ae4                CORE_ExitCritical
 text_core_timecritical4331
                0x0000000008006aee        0x8 ./simplicity_sdk_2025.6.1/platform/common/src/sl_core_cortexm.o
                0x0000000008006aee                CORE_EnterCritical
 text_core_timecritical7363
                0x0000000008006af6        0xa ./simplicity_sdk_2025.6.1/platform/common/src/sl_core_cortexm.o
                0x0000000008006af6                CORE_ExitAtomic
 text_core_timecritical9387
                0x0000000008006b00        0xc ./simplicity_sdk_2025.6.1/platform/common/src/sl_core_cortexm.o
                0x0000000008006b00                CORE_EnterAtomic
 text_clock_manager_timecritical1352
                0x0000000008006b0c        0xa ./simplicity_sdk_2025.6.1/platform/service/clock_manager/src/sl_clock_manager.o
                0x0000000008006b0c                sl_clock_manager_get_clock_branch_frequency
 text_clock_manager_timecritical2380
                0x0000000008006b16        0x6 ./simplicity_sdk_2025.6.1/platform/service/clock_manager/src/sl_clock_manager.o
                0x0000000008006b16                sl_clock_manager_enable_bus_clock
 text_clock_manager_timecritical3394
                0x0000000008006b1c        0x6 ./simplicity_sdk_2025.6.1/platform/service/clock_manager/src/sl_clock_manager.o
                0x0000000008006b1c                sl_clock_manager_disable_bus_clock
 text_clock_manager_timecritical2561
                0x0000000008006b22       0xc4 ./simplicity_sdk_2025.6.1/platform/service/clock_manager/src/sl_clock_manager_hal_s2.o
                0x0000000008006b22                sli_clock_manager_hal_get_clock_branch_frequency
 text_sleeptimer_timecritical75155
                0x0000000008006be6        0x6 ./simplicity_sdk_2025.6.1/platform/service/sleeptimer/src/sl_sleeptimer.o
 text_sleeptimer_timecritical29161
                0x0000000008006bec       0x48 ./simplicity_sdk_2025.6.1/platform/service/sleeptimer/src/sl_sleeptimer.o
                0x0000000008006bec                sl_sleeptimer_start_timer
 text_sleeptimer_timecritical6562
                0x0000000008006c34        0x8 ./simplicity_sdk_2025.6.1/platform/service/sleeptimer/src/sl_sleeptimer_hal_sysrtc.o
                0x0000000008006c34                sleeptimer_hal_get_compare
 text_sleeptimer_timecritical6993
                0x0000000008006c3c       0x12 ./simplicity_sdk_2025.6.1/platform/service/sleeptimer/src/sl_sleeptimer_hal_sysrtc.o
                0x0000000008006c3c                sleeptimer_hal_enable_int
 text_sleeptimer_timecritical86325
                0x0000000008006c4e       0x34 ./simplicity_sdk_2025.6.1/platform/service/sleeptimer/src/sl_sleeptimer_hal_sysrtc.o
                0x0000000008006c4e                SYSRTC_APP_IRQHandler
                0x0000000008006ca0                . = ALIGN (0x20)
 *fill*         0x0000000008006c82       0x1e 
                0x0000000008006ca0                linker_code_end = .
 *(.init)
 .init          0x0000000008006ca0        0x4 /Applications/Simplicity Studio.app/Contents/Eclipse/developer/toolchains/gnu_arm/12.2.rel1_2023.7/bin/../lib/gcc/arm-none-eabi/12.2.1/thumb/v8-m.main+fp/hard/crti.o
                0x0000000008006ca0                _init
 .init          0x0000000008006ca4        0x8 /Applications/Simplicity Studio.app/Contents/Eclipse/developer/toolchains/gnu_arm/12.2.rel1_2023.7/bin/../lib/gcc/arm-none-eabi/12.2.1/thumb/v8-m.main+fp/hard/crtn.o
 *(.fini)
 .fini          0x0000000008006cac        0x4 /Applications/Simplicity Studio.app/Contents/Eclipse/developer/toolchains/gnu_arm/12.2.rel1_2023.7/bin/../lib/gcc/arm-none-eabi/12.2.1/thumb/v8-m.main+fp/hard/crti.o
                0x0000000008006cac                _fini
 .fini          0x0000000008006cb0        0x8 /Applications/Simplicity Studio.app/Contents/Eclipse/developer/toolchains/gnu_arm/12.2.rel1_2023.7/bin/../lib/gcc/arm-none-eabi/12.2.1/thumb/v8-m.main+fp/hard/crtn.o
 *crtbegin.o(.ctors)
 *crtbegin?.o(.ctors)
 *(EXCLUDE_FILE(*crtend.o *crtend?.o) .ctors)
 *(SORT_BY_NAME(.ctors.*))
 *(.ctors)
 *crtbegin.o(.dtors)
 *crtbegin?.o(.dtors)
 *(EXCLUDE_FILE(*crtend.o *crtend?.o) .dtors)
 *(SORT_BY_NAME(.dtors.*))
 *(.dtors)
 *(.rodata*)
 .rodata.app_init.str1.1
                0x0000000008006cb8       0x6d ./app.o
 .rodata.app_process_action.str1.1